                                      1 ;--------------------------------------------------------
                                      2 ; File Created by SDCC : free open source ISO C Compiler
                                      3 ; Version 4.5.1 #15267 (MINGW64)
                                      4 ;--------------------------------------------------------
                                      5 	.module enemies
                                      6 	
                                      7 ;--------------------------------------------------------
                                      8 ; Public variables in this module
                                      9 ;--------------------------------------------------------
                                     10 	.globl _rand
                                     11 	.globl _m_bShowSpray
                                     12 	.globl _m_bPlayKillSoundEffect
                                     13 	.globl _m_nSpawnDelay
                                     14 	.globl _m_nSpawnTimer
                                     15 	.globl _m_aoEnemies
                                     16 	.globl _InitEnemiesSpawnQueue
                                     17 	.globl _GetNextSpawnIndex
                                     18 	.globl _InitEnemy
                                     19 	.globl _SpawnEnemy
                                     20 	.globl _GetSprite
                                     21 	.globl _UpdateEnemy
                                     22 	.globl _KillEnemy
                                     23 	.globl _IncreaseDifficulty
                                     24 	.globl _IsEnemyAlive
                                     25 	.globl _SpawnNext
                                     26 	.globl _TickSpawnTimer
                                     27 ;--------------------------------------------------------
                                     28 ; special function registers
                                     29 ;--------------------------------------------------------
                                     30 ;--------------------------------------------------------
                                     31 ; ram data
                                     32 ;--------------------------------------------------------
                                     33 	.area _DATA
    00000000                         34 _m_aoEnemies::
    00000000                         35 	.ds 208
    000000D0                         36 _m_anSpawnQueue:
    000000D0                         37 	.ds 64
                                     38 ;--------------------------------------------------------
                                     39 ; ram data
                                     40 ;--------------------------------------------------------
                                     41 	.area _INITIALIZED
    00000000                         42 _m_nNextSpriteID:
    00000000                         43 	.ds 1
    00000001                         44 _m_nSpawnQueuePos:
    00000001                         45 	.ds 1
    00000002                         46 _m_nCurrentSpeed:
    00000002                         47 	.ds 1
    00000003                         48 _m_nTotalKilled:
    00000003                         49 	.ds 2
    00000005                         50 _m_nKillsForNextSpeed:
    00000005                         51 	.ds 2
    00000007                         52 _m_nKillsForNextSpawnRate:
    00000007                         53 	.ds 2
    00000009                         54 _m_bMaxSpeedReached:
    00000009                         55 	.ds 1
    0000000A                         56 _m_bMaxSpawnRateReached:
    0000000A                         57 	.ds 1
    0000000B                         58 _m_nLastSpawnRateKillCount:
    0000000B                         59 	.ds 2
    0000000D                         60 _m_nSpawnTimer::
    0000000D                         61 	.ds 1
    0000000E                         62 _m_nSpawnDelay::
    0000000E                         63 	.ds 1
    0000000F                         64 _m_bPlayKillSoundEffect::
    0000000F                         65 	.ds 1
    00000010                         66 _m_bShowSpray::
    00000010                         67 	.ds 1
                                     68 ;--------------------------------------------------------
                                     69 ; absolute external ram data
                                     70 ;--------------------------------------------------------
                                     71 	.area _DABS (ABS)
                                     72 ;--------------------------------------------------------
                                     73 ; global & static initialisations
                                     74 ;--------------------------------------------------------
                                     75 	.area _HOME
                                     76 	.area _GSINIT
                                     77 	.area _GSFINAL
                                     78 	.area _GSINIT
                                     79 ;--------------------------------------------------------
                                     80 ; Home
                                     81 ;--------------------------------------------------------
                                     82 	.area _HOME
                                     83 	.area _HOME
                                     84 ;--------------------------------------------------------
                                     85 ; code
                                     86 ;--------------------------------------------------------
                                     87 	.area _CODE
                                     88 ;enemies.c:87: void InitEnemiesSpawnQueue(void) 
                                     89 ;	---------------------------------
                                     90 ; Function InitEnemiesSpawnQueue
                                     91 ; ---------------------------------
    00000000                         92 _InitEnemiesSpawnQueue::
    00000000 3B               [ 8]   93 	dec	sp
                                     94 ;enemies.c:95: UINT8 nIndex = 0;
    00000001 1E 00            [ 8]   95 	ld	e, #0x00
                                     96 ;enemies.c:97: BOOLEAN bValidShuffle = FALSE;
                                     97 ;enemies.c:101: for (o = 0; o < 8; o++) 
    00000003 01 00 08         [12]   98 	ld	bc, #0x800
                                     99 ;enemies.c:103: for (k = 0; k < 8; k++) 
    00000006                        100 00126$:
    00000006 16 00            [ 8]  101 	ld	d, #0x00
    00000008                        102 00113$:
                                    103 ;enemies.c:105: m_anSpawnQueue[nIndex++] = k;
    00000008 3ErD0            [ 8]  104 	ld	a, #<(_m_anSpawnQueue)
    0000000A 83               [ 4]  105 	add	a, e
    0000000B 6F               [ 4]  106 	ld	l, a
    0000000C 3Es00            [ 8]  107 	ld	a, #>(_m_anSpawnQueue)
    0000000E CE 00            [ 8]  108 	adc	a, #0x00
    00000010 67               [ 4]  109 	ld	h, a
    00000011 1C               [ 4]  110 	inc	e
    00000012 72               [ 8]  111 	ld	(hl), d
                                    112 ;enemies.c:103: for (k = 0; k < 8; k++) 
    00000013 14               [ 4]  113 	inc	d
    00000014 7A               [ 4]  114 	ld	a, d
    00000015 D6 08            [ 8]  115 	sub	a, #0x08
    00000017 38 EF            [12]  116 	jr	C, 00113$
    00000019 05               [ 4]  117 	dec	b
    0000001A 20 EA            [12]  118 	jr	NZ, 00126$
                                    119 ;enemies.c:101: for (o = 0; o < 8; o++) 
                                    120 ;enemies.c:111: while (!bValidShuffle) 
    0000001C                        121 00110$:
    0000001C 79               [ 4]  122 	ld	a, c
    0000001D B7               [ 4]  123 	or	a, a
    0000001E 20 5E            [12]  124 	jr	NZ, 00112$
                                    125 ;enemies.c:114: for (i = SPAWN_QUEUE_SIZE - 1; i > 0; i--) 
    00000020 F8 00            [12]  126 	ldhl	sp,	#0
    00000022 36 3F            [12]  127 	ld	(hl), #0x3f
    00000024                        128 00118$:
                                    129 ;enemies.c:116: j = rand() % (i + 1);
    00000024 CDr00r00         [24]  130 	call	_rand
    00000027 F8 00            [12]  131 	ldhl	sp,	#0
    00000029 4E               [ 8]  132 	ld	c, (hl)
    0000002A 06 00            [ 8]  133 	ld	b, #0x00
    0000002C 03               [ 8]  134 	inc	bc
    0000002D 16 00            [ 8]  135 	ld	d, #0x00
    0000002F CDr00r00         [24]  136 	call	__modsint
                                    137 ;enemies.c:117: nTemp = m_anSpawnQueue[i];
    00000032 11rD0r00         [12]  138 	ld	de, #_m_anSpawnQueue
    00000035 F8 00            [12]  139 	ldhl	sp,	#0
    00000037 6E               [ 8]  140 	ld	l, (hl)
    00000038 26 00            [ 8]  141 	ld	h, #0x00
    0000003A 19               [ 8]  142 	add	hl, de
    0000003B 5D               [ 4]  143 	ld	e, l
    0000003C 54               [ 4]  144 	ld	d, h
    0000003D 1A               [ 8]  145 	ld	a, (de)
    0000003E 47               [ 4]  146 	ld	b, a
                                    147 ;enemies.c:118: m_anSpawnQueue[i] = m_anSpawnQueue[j];
    0000003F 3ErD0            [ 8]  148 	ld	a, #<(_m_anSpawnQueue)
    00000041 81               [ 4]  149 	add	a, c
    00000042 6F               [ 4]  150 	ld	l, a
    00000043 3Es00            [ 8]  151 	ld	a, #>(_m_anSpawnQueue)
    00000045 CE 00            [ 8]  152 	adc	a, #0x00
    00000047 67               [ 4]  153 	ld	h, a
    00000048 7E               [ 8]  154 	ld	a, (hl)
    00000049 12               [ 8]  155 	ld	(de), a
                                    156 ;enemies.c:119: m_anSpawnQueue[j] = nTemp;
    0000004A 70               [ 8]  157 	ld	(hl), b
                                    158 ;enemies.c:114: for (i = SPAWN_QUEUE_SIZE - 1; i > 0; i--) 
    0000004B F8 00            [12]  159 	ldhl	sp,	#0
    0000004D 35               [12]  160 	dec	(hl)
    0000004E 20 D4            [12]  161 	jr	NZ, 00118$
                                    162 ;enemies.c:124: bValidShuffle = TRUE;
                                    163 ;enemies.c:125: nStreak = 1;
    00000050 01 01 01         [12]  164 	ld	bc, #0x101
                                    165 ;enemies.c:130: for (i = 1; i < SPAWN_QUEUE_SIZE; i++) 
    00000053 1E 01            [ 8]  166 	ld	e, #0x01
    00000055                        167 00120$:
                                    168 ;enemies.c:133: if (m_anSpawnQueue[i] == m_anSpawnQueue[i-1]) 
    00000055 21rD0r00         [12]  169 	ld	hl, #_m_anSpawnQueue
    00000058 16 00            [ 8]  170 	ld	d, #0x00
    0000005A 19               [ 8]  171 	add	hl, de
    0000005B 56               [ 8]  172 	ld	d, (hl)
    0000005C 7B               [ 4]  173 	ld	a, e
    0000005D 3D               [ 4]  174 	dec	a
    0000005E C6rD0            [ 8]  175 	add	a, #<(_m_anSpawnQueue)
    00000060 6F               [ 4]  176 	ld	l, a
    00000061 3E 00            [ 8]  177 	ld	a, #0x00
    00000063 CEs00            [ 8]  178 	adc	a, #>(_m_anSpawnQueue)
    00000065 67               [ 4]  179 	ld	h, a
    00000066 7E               [ 8]  180 	ld	a, (hl)
    00000067 92               [ 4]  181 	sub	a, d
    00000068 20 0A            [12]  182 	jr	NZ, 00107$
                                    183 ;enemies.c:136: nStreak++;
    0000006A 04               [ 4]  184 	inc	b
                                    185 ;enemies.c:139: if (nStreak > 3) 
    0000006B 3E 03            [ 8]  186 	ld	a, #0x03
    0000006D 90               [ 4]  187 	sub	a, b
    0000006E 30 06            [12]  188 	jr	NC, 00121$
                                    189 ;enemies.c:143: bValidShuffle = FALSE;
    00000070 0E 00            [ 8]  190 	ld	c, #0x00
                                    191 ;enemies.c:144: break;
    00000072 18 A8            [12]  192 	jr	00110$
    00000074                        193 00107$:
                                    194 ;enemies.c:151: nStreak = 1;
    00000074 06 01            [ 8]  195 	ld	b, #0x01
    00000076                        196 00121$:
                                    197 ;enemies.c:130: for (i = 1; i < SPAWN_QUEUE_SIZE; i++) 
    00000076 1C               [ 4]  198 	inc	e
    00000077 7B               [ 4]  199 	ld	a, e
    00000078 D6 40            [ 8]  200 	sub	a, #0x40
    0000007A 38 D9            [12]  201 	jr	C, 00120$
    0000007C 18 9E            [12]  202 	jr	00110$
    0000007E                        203 00112$:
                                    204 ;enemies.c:157: m_nSpawnQueuePos = 0;
    0000007E AF               [ 4]  205 	xor	a, a
    0000007F EAr01r00         [16]  206 	ld	(#_m_nSpawnQueuePos),a
                                    207 ;enemies.c:158: }
    00000082 33               [ 8]  208 	inc	sp
    00000083 C9               [16]  209 	ret
    00000084                        210 _m_anSpawnPositions:
    00000084 27                     211 	.db #0x27	; 39
    00000085 2B                     212 	.db #0x2b	; 43
    00000086 50                     213 	.db #0x50	; 80	'P'
    00000087 29                     214 	.db #0x29	; 41
    00000088 82                     215 	.db #0x82	; 130
    00000089 21                     216 	.db #0x21	; 33
    0000008A 0E                     217 	.db #0x0e	; 14
    0000008B 52                     218 	.db #0x52	; 82	'R'
    0000008C 9A                     219 	.db #0x9a	; 154
    0000008D 52                     220 	.db #0x52	; 82	'R'
    0000008E 06                     221 	.db #0x06	; 6
    0000008F 9A                     222 	.db #0x9a	; 154
    00000090 50                     223 	.db #0x50	; 80	'P'
    00000091 9A                     224 	.db #0x9a	; 154
    00000092 9C                     225 	.db #0x9c	; 156
    00000093 9C                     226 	.db #0x9c	; 156
    00000094                        227 _m_anMovementDirX:
    00000094 01                     228 	.db #0x01	;  1
    00000095 00                     229 	.db #0x00	;  0
    00000096 FF                     230 	.db #0xff	; -1
    00000097 01                     231 	.db #0x01	;  1
    00000098 FF                     232 	.db #0xff	; -1
    00000099 01                     233 	.db #0x01	;  1
    0000009A 00                     234 	.db #0x00	;  0
    0000009B FF                     235 	.db #0xff	; -1
    0000009C                        236 _m_anMovementDirY:
    0000009C 01                     237 	.db #0x01	;  1
    0000009D 01                     238 	.db #0x01	;  1
    0000009E 01                     239 	.db #0x01	;  1
    0000009F 00                     240 	.db #0x00	;  0
    000000A0 00                     241 	.db #0x00	;  0
    000000A1 FF                     242 	.db #0xff	; -1
    000000A2 FF                     243 	.db #0xff	; -1
    000000A3 FF                     244 	.db #0xff	; -1
                                    245 ;enemies.c:166: UINT8 GetNextSpawnIndex(void) 
                                    246 ;	---------------------------------
                                    247 ; Function GetNextSpawnIndex
                                    248 ; ---------------------------------
    000000A4                        249 _GetNextSpawnIndex::
                                    250 ;enemies.c:169: UINT8 nIndex = m_anSpawnQueue[m_nSpawnQueuePos];
    000000A4 3ErD0            [ 8]  251 	ld	a, #<(_m_anSpawnQueue)
    000000A6 21r01r00         [12]  252 	ld	hl, #_m_nSpawnQueuePos
    000000A9 86               [ 8]  253 	add	a, (hl)
    000000AA 4F               [ 4]  254 	ld	c, a
    000000AB 3Es00            [ 8]  255 	ld	a, #>(_m_anSpawnQueue)
    000000AD CE 00            [ 8]  256 	adc	a, #0x00
    000000AF 47               [ 4]  257 	ld	b, a
    000000B0 0A               [ 8]  258 	ld	a, (bc)
    000000B1 6F               [ 4]  259 	ld	l, a
                                    260 ;enemies.c:170: m_nSpawnQueuePos = (m_nSpawnQueuePos + 1) % SPAWN_QUEUE_SIZE;
    000000B2 FAr01r00         [16]  261 	ld	a, (_m_nSpawnQueuePos)
    000000B5 16 00            [ 8]  262 	ld	d, #0x00
    000000B7 5F               [ 4]  263 	ld	e, a
    000000B8 13               [ 8]  264 	inc	de
    000000B9 E5               [16]  265 	push	hl
    000000BA 01 40 00         [12]  266 	ld	bc, #0x0040
    000000BD CDr00r00         [24]  267 	call	__modsint
    000000C0 E1               [12]  268 	pop	hl
    000000C1 79               [ 4]  269 	ld	a, c
    000000C2 EAr01r00         [16]  270 	ld	(_m_nSpawnQueuePos), a
                                    271 ;enemies.c:171: return nIndex;
    000000C5 7D               [ 4]  272 	ld	a, l
                                    273 ;enemies.c:172: }
    000000C6 C9               [16]  274 	ret
                                    275 ;enemies.c:180: void InitEnemy(UINT8 nEnemyIndex) 
                                    276 ;	---------------------------------
                                    277 ; Function InitEnemy
                                    278 ; ---------------------------------
    000000C7                        279 _InitEnemy::
    000000C7 4F               [ 4]  280 	ld	c, a
                                    281 ;enemies.c:183: m_aoEnemies[nEnemyIndex].bAlive = FALSE;
    000000C8 06 00            [ 8]  282 	ld	b, #0x00
    000000CA 69               [ 4]  283 	ld	l, c
    000000CB 60               [ 4]  284 	ld	h, b
    000000CC 29               [ 8]  285 	add	hl, hl
    000000CD 09               [ 8]  286 	add	hl, bc
    000000CE 29               [ 8]  287 	add	hl, hl
    000000CF 29               [ 8]  288 	add	hl, hl
    000000D0 09               [ 8]  289 	add	hl, bc
    000000D1 3Er00            [ 8]  290 	ld	a, #<(_m_aoEnemies)
    000000D3 85               [ 4]  291 	add	a, l
    000000D4 4F               [ 4]  292 	ld	c, a
    000000D5 3Es00            [ 8]  293 	ld	a, #>(_m_aoEnemies)
    000000D7 8C               [ 4]  294 	adc	a, h
    000000D8 47               [ 4]  295 	ld	b, a
    000000D9 69               [ 4]  296 	ld	l, c
    000000DA 60               [ 4]  297 	ld	h, b
    000000DB 23               [ 8]  298 	inc	hl
    000000DC 23               [ 8]  299 	inc	hl
    000000DD 23               [ 8]  300 	inc	hl
    000000DE 36 00            [12]  301 	ld	(hl), #0x00
                                    302 ;enemies.c:184: m_aoEnemies[nEnemyIndex].bCantMove = FALSE;
    000000E0 21 06 00         [12]  303 	ld	hl, #0x0006
    000000E3 09               [ 8]  304 	add	hl, bc
    000000E4 36 00            [12]  305 	ld	(hl), #0x00
                                    306 ;enemies.c:185: m_aoEnemies[nEnemyIndex].bMainSpriteSet = FALSE;
    000000E6 21 0C 00         [12]  307 	ld	hl, #0x000c
    000000E9 09               [ 8]  308 	add	hl, bc
    000000EA 36 00            [12]  309 	ld	(hl), #0x00
                                    310 ;enemies.c:186: m_aoEnemies[nEnemyIndex].nSpriteID = 0;
    000000EC 69               [ 4]  311 	ld	l, c
    000000ED 60               [ 4]  312 	ld	h, b
    000000EE 23               [ 8]  313 	inc	hl
    000000EF 23               [ 8]  314 	inc	hl
    000000F0 36 00            [12]  315 	ld	(hl), #0x00
                                    316 ;enemies.c:187: m_aoEnemies[nEnemyIndex].nSpeed = m_nCurrentSpeed;
    000000F2 21 07 00         [12]  317 	ld	hl, #0x0007
    000000F5 09               [ 8]  318 	add	hl, bc
    000000F6 FAr02r00         [16]  319 	ld	a, (_m_nCurrentSpeed)
    000000F9 77               [ 8]  320 	ld	(hl), a
                                    321 ;enemies.c:188: m_aoEnemies[nEnemyIndex].nSubPixelX = 0;
    000000FA 21 09 00         [12]  322 	ld	hl, #0x0009
    000000FD 09               [ 8]  323 	add	hl, bc
    000000FE 36 00            [12]  324 	ld	(hl), #0x00
                                    325 ;enemies.c:189: m_aoEnemies[nEnemyIndex].nSubPixelY = 0;
    00000100 21 0A 00         [12]  326 	ld	hl, #0x000a
    00000103 09               [ 8]  327 	add	hl, bc
    00000104 36 00            [12]  328 	ld	(hl), #0x00
                                    329 ;enemies.c:190: }
    00000106 C9               [16]  330 	ret
                                    331 ;enemies.c:199: void SpawnEnemy(UINT8 nEnemyIndex, UINT8 nSpawnIndex) 
                                    332 ;	---------------------------------
                                    333 ; Function SpawnEnemy
                                    334 ; ---------------------------------
    00000107                        335 _SpawnEnemy::
    00000107 E8 F8            [16]  336 	add	sp, #-8
    00000109 4F               [ 4]  337 	ld	c, a
    0000010A F8 07            [12]  338 	ldhl	sp,	#7
    0000010C 73               [ 8]  339 	ld	(hl), e
                                    340 ;enemies.c:202: Enemy* ptrEnemy = &m_aoEnemies[nEnemyIndex];
    0000010D 06 00            [ 8]  341 	ld	b, #0x00
    0000010F 69               [ 4]  342 	ld	l, c
    00000110 60               [ 4]  343 	ld	h, b
    00000111 29               [ 8]  344 	add	hl, hl
    00000112 09               [ 8]  345 	add	hl, bc
    00000113 29               [ 8]  346 	add	hl, hl
    00000114 29               [ 8]  347 	add	hl, hl
    00000115 09               [ 8]  348 	add	hl, bc
    00000116 11r00r00         [12]  349 	ld	de, #_m_aoEnemies
    00000119 19               [ 8]  350 	add	hl, de
    0000011A 4D               [ 4]  351 	ld	c, l
    0000011B 44               [ 4]  352 	ld	b, h
                                    353 ;enemies.c:210: if (nSpawnIndex > 7) nSpawnIndex = 2;
    0000011C 3E 07            [ 8]  354 	ld	a, #0x07
    0000011E F8 07            [12]  355 	ldhl	sp,	#7
    00000120 96               [ 8]  356 	sub	a, (hl)
    00000121 30 02            [12]  357 	jr	NC, 00102$
    00000123 36 02            [12]  358 	ld	(hl), #0x02
    00000125                        359 00102$:
                                    360 ;enemies.c:213: ptrEnemy->nX = m_anSpawnPositions[nSpawnIndex][0];
    00000125 33               [ 8]  361 	inc	sp
    00000126 33               [ 8]  362 	inc	sp
    00000127 C5               [16]  363 	push	bc
    00000128 F8 07            [12]  364 	ldhl	sp,	#7
    0000012A 5E               [ 8]  365 	ld	e, (hl)
    0000012B AF               [ 4]  366 	xor	a, a
    0000012C 57               [ 4]  367 	ld	d, a
    0000012D CB 23            [ 8]  368 	sla	e
    0000012F CB 12            [ 8]  369 	rl	d
    00000131 21r84r00         [12]  370 	ld	hl, #_m_anSpawnPositions
    00000134 19               [ 8]  371 	add	hl, de
    00000135 E5               [16]  372 	push	hl
    00000136 7D               [ 4]  373 	ld	a, l
    00000137 F8 07            [12]  374 	ldhl	sp,	#7
    00000139 77               [ 8]  375 	ld	(hl), a
    0000013A E1               [12]  376 	pop	hl
    0000013B 7C               [ 4]  377 	ld	a, h
    0000013C F8 06            [12]  378 	ldhl	sp,	#6
    0000013E 32               [ 8]  379 	ld	(hl-), a
    0000013F 2A               [ 8]  380 	ld	a, (hl+)
    00000140 5F               [ 4]  381 	ld	e, a
    00000141 56               [ 8]  382 	ld	d, (hl)
    00000142 1A               [ 8]  383 	ld	a, (de)
    00000143 E1               [12]  384 	pop	hl
    00000144 E5               [16]  385 	push	hl
    00000145 77               [ 8]  386 	ld	(hl), a
                                    387 ;enemies.c:214: ptrEnemy->nY = m_anSpawnPositions[nSpawnIndex][1];
    00000146 69               [ 4]  388 	ld	l, c
    00000147 60               [ 4]  389 	ld	h, b
    00000148 23               [ 8]  390 	inc	hl
    00000149 E5               [16]  391 	push	hl
    0000014A 7D               [ 4]  392 	ld	a, l
    0000014B F8 04            [12]  393 	ldhl	sp,	#4
    0000014D 77               [ 8]  394 	ld	(hl), a
    0000014E E1               [12]  395 	pop	hl
    0000014F 7C               [ 4]  396 	ld	a, h
    00000150 F8 03            [12]  397 	ldhl	sp,	#3
    00000152 22               [ 8]  398 	ld	(hl+), a
    00000153 23               [ 8]  399 	inc	hl
    00000154 2A               [ 8]  400 	ld	a, (hl+)
    00000155 5F               [ 4]  401 	ld	e, a
    00000156 56               [ 8]  402 	ld	d, (hl)
    00000157 13               [ 8]  403 	inc	de
    00000158 1A               [ 8]  404 	ld	a, (de)
    00000159 F8 02            [12]  405 	ldhl	sp,	#2
    0000015B 5E               [ 8]  406 	ld	e, (hl)
    0000015C 23               [ 8]  407 	inc	hl
    0000015D 66               [ 8]  408 	ld	h, (hl)
    0000015E 6B               [ 4]  409 	ld	l, e
    0000015F 77               [ 8]  410 	ld	(hl), a
                                    411 ;enemies.c:217: ptrEnemy->nSubPixelX = 0;
    00000160 21 09 00         [12]  412 	ld	hl, #0x0009
    00000163 09               [ 8]  413 	add	hl, bc
    00000164 36 00            [12]  414 	ld	(hl), #0x00
                                    415 ;enemies.c:218: ptrEnemy->nSubPixelY = 0;
    00000166 21 0A 00         [12]  416 	ld	hl, #0x000a
    00000169 09               [ 8]  417 	add	hl, bc
    0000016A 36 00            [12]  418 	ld	(hl), #0x00
                                    419 ;enemies.c:221: ptrEnemy->bAlive = TRUE;
    0000016C 69               [ 4]  420 	ld	l, c
    0000016D 60               [ 4]  421 	ld	h, b
    0000016E 23               [ 8]  422 	inc	hl
    0000016F 23               [ 8]  423 	inc	hl
    00000170 23               [ 8]  424 	inc	hl
    00000171 36 01            [12]  425 	ld	(hl), #0x01
                                    426 ;enemies.c:222: ptrEnemy->bCantMove = FALSE;
    00000173 21 06 00         [12]  427 	ld	hl, #0x0006
    00000176 09               [ 8]  428 	add	hl, bc
    00000177 36 00            [12]  429 	ld	(hl), #0x00
                                    430 ;enemies.c:223: ptrEnemy->bMainSpriteSet = FALSE;
    00000179 21 0C 00         [12]  431 	ld	hl, #0x000c
    0000017C 09               [ 8]  432 	add	hl, bc
    0000017D 36 00            [12]  433 	ld	(hl), #0x00
                                    434 ;enemies.c:226: nMoveventX = m_anMovementDirX[nSpawnIndex];
    0000017F 11r94r00         [12]  435 	ld	de, #_m_anMovementDirX+0
    00000182 F8 07            [12]  436 	ldhl	sp,	#7
    00000184 6E               [ 8]  437 	ld	l, (hl)
    00000185 26 00            [ 8]  438 	ld	h, #0x00
    00000187 19               [ 8]  439 	add	hl, de
    00000188 5D               [ 4]  440 	ld	e, l
    00000189 54               [ 4]  441 	ld	d, h
    0000018A 1A               [ 8]  442 	ld	a, (de)
    0000018B F8 06            [12]  443 	ldhl	sp,	#6
                                    444 ;enemies.c:227: nMovementY = m_anMovementDirY[nSpawnIndex];
    0000018D 22               [ 8]  445 	ld	(hl+), a
    0000018E 11r9Cr00         [12]  446 	ld	de, #_m_anMovementDirY+0
    00000191 6E               [ 8]  447 	ld	l, (hl)
    00000192 26 00            [ 8]  448 	ld	h, #0x00
    00000194 19               [ 8]  449 	add	hl, de
    00000195 5D               [ 4]  450 	ld	e, l
    00000196 54               [ 4]  451 	ld	d, h
    00000197 1A               [ 8]  452 	ld	a, (de)
    00000198 5F               [ 4]  453 	ld	e, a
                                    454 ;enemies.c:228: ptrEnemy->nDirX = nMoveventX;
    00000199 21 04 00         [12]  455 	ld	hl, #0x0004
    0000019C 09               [ 8]  456 	add	hl, bc
    0000019D E5               [16]  457 	push	hl
    0000019E F8 08            [12]  458 	ldhl	sp,	#8
    000001A0 7E               [ 8]  459 	ld	a, (hl)
    000001A1 E1               [12]  460 	pop	hl
    000001A2 77               [ 8]  461 	ld	(hl), a
                                    462 ;enemies.c:229: ptrEnemy->nDirY = nMovementY;
    000001A3 21 05 00         [12]  463 	ld	hl, #0x0005
    000001A6 09               [ 8]  464 	add	hl, bc
    000001A7 73               [ 8]  465 	ld	(hl), e
                                    466 ;enemies.c:232: ptrEnemy->nSpeed = m_nCurrentSpeed;
    000001A8 21 07 00         [12]  467 	ld	hl, #0x0007
    000001AB 09               [ 8]  468 	add	hl, bc
    000001AC FAr02r00         [16]  469 	ld	a, (_m_nCurrentSpeed)
    000001AF 77               [ 8]  470 	ld	(hl), a
                                    471 ;enemies.c:235: ptrEnemy->nSpriteID = m_nNextSpriteID++;
    000001B0 21 02 00         [12]  472 	ld	hl, #0x0002
    000001B3 09               [ 8]  473 	add	hl, bc
    000001B4 E5               [16]  474 	push	hl
    000001B5 7D               [ 4]  475 	ld	a, l
    000001B6 F8 06            [12]  476 	ldhl	sp,	#6
    000001B8 77               [ 8]  477 	ld	(hl), a
    000001B9 E1               [12]  478 	pop	hl
    000001BA 7C               [ 4]  479 	ld	a, h
    000001BB F8 05            [12]  480 	ldhl	sp,	#5
    000001BD 77               [ 8]  481 	ld	(hl), a
    000001BE FAr00r00         [16]  482 	ld	a, (#_m_nNextSpriteID)
    000001C1 F8 06            [12]  483 	ldhl	sp,	#6
    000001C3 77               [ 8]  484 	ld	(hl), a
    000001C4 21r00r00         [12]  485 	ld	hl, #_m_nNextSpriteID
    000001C7 34               [12]  486 	inc	(hl)
    000001C8 F8 04            [12]  487 	ldhl	sp,	#4
    000001CA 2A               [ 8]  488 	ld	a, (hl+)
    000001CB 5F               [ 4]  489 	ld	e, a
    000001CC 2A               [ 8]  490 	ld	a, (hl+)
    000001CD 57               [ 4]  491 	ld	d, a
    000001CE 7E               [ 8]  492 	ld	a, (hl)
    000001CF 12               [ 8]  493 	ld	(de), a
                                    494 ;enemies.c:238: if (m_nNextSpriteID >= 40) m_nNextSpriteID = 7;
    000001D0 21r00r00         [12]  495 	ld	hl, #_m_nNextSpriteID
    000001D3 7E               [ 8]  496 	ld	a, (hl)
    000001D4 D6 28            [ 8]  497 	sub	a, #0x28
    000001D6 38 02            [12]  498 	jr	C, 00104$
    000001D8 36 07            [12]  499 	ld	(hl), #0x07
    000001DA                        500 00104$:
                                    501 ;enemies.c:241: ptrEnemy->nIndex = nSpawnIndex;
    000001DA 21 08 00         [12]  502 	ld	hl, #0x0008
    000001DD 09               [ 8]  503 	add	hl, bc
    000001DE 5D               [ 4]  504 	ld	e, l
    000001DF 54               [ 4]  505 	ld	d, h
    000001E0 F8 07            [12]  506 	ldhl	sp,	#7
    000001E2 7E               [ 8]  507 	ld	a, (hl)
    000001E3 12               [ 8]  508 	ld	(de), a
                                    509 ;enemies.c:245: ptrEnemy->nSpriteNumber = GetSprite((rand() >> 4) % 5) + nSpawnIndex;
    000001E4 21 0B 00         [12]  510 	ld	hl, #0x000b
    000001E7 09               [ 8]  511 	add	hl, bc
    000001E8 4D               [ 4]  512 	ld	c, l
    000001E9 44               [ 4]  513 	ld	b, h
    000001EA CDr00r00         [24]  514 	call	_rand
    000001ED 7B               [ 4]  515 	ld	a, e
    000001EE CB 37            [ 8]  516 	swap	a
    000001F0 E6 0F            [ 8]  517 	and	a, #0x0f
    000001F2 C5               [16]  518 	push	bc
    000001F3 1E 05            [ 8]  519 	ld	e, #0x05
    000001F5 CDr00r00         [24]  520 	call	__moduchar
    000001F8 79               [ 4]  521 	ld	a, c
    000001F9 CDr3Ar02         [24]  522 	call	_GetSprite
    000001FC C1               [12]  523 	pop	bc
    000001FD F8 07            [12]  524 	ldhl	sp,	#7
    000001FF 5E               [ 8]  525 	ld	e, (hl)
                                    526 ;enemies.c:248: set_sprite_tile(ptrEnemy->nSpriteID, 32);
    00000200 2B               [ 8]  527 	dec	hl
    00000201 2B               [ 8]  528 	dec	hl
    00000202 2B               [ 8]  529 	dec	hl
    00000203 83               [ 4]  530 	add	a, e
    00000204 02               [ 8]  531 	ld	(bc), a
    00000205 2A               [ 8]  532 	ld	a, (hl+)
    00000206 5F               [ 4]  533 	ld	e, a
    00000207 56               [ 8]  534 	ld	d, (hl)
    00000208 1A               [ 8]  535 	ld	a, (de)
    00000209 4F               [ 4]  536 	ld	c, a
                                    537 ;c:\gbdk2020\include\gb\gb.h:1887: shadow_OAM[nb].tile=tile;
    0000020A 11r00r00         [12]  538 	ld	de, #_shadow_OAM+0
    0000020D AF               [ 4]  539 	xor	a, a
    0000020E 69               [ 4]  540 	ld	l, c
    0000020F 67               [ 4]  541 	ld	h, a
    00000210 29               [ 8]  542 	add	hl, hl
    00000211 29               [ 8]  543 	add	hl, hl
    00000212 19               [ 8]  544 	add	hl, de
    00000213 23               [ 8]  545 	inc	hl
    00000214 23               [ 8]  546 	inc	hl
    00000215 36 20            [12]  547 	ld	(hl), #0x20
                                    548 ;enemies.c:251: move_sprite(ptrEnemy->nSpriteID, ptrEnemy->nX, ptrEnemy->nY);
    00000217 F8 02            [12]  549 	ldhl	sp,#2
    00000219 2A               [ 8]  550 	ld	a, (hl+)
    0000021A 5F               [ 4]  551 	ld	e, a
    0000021B 2A               [ 8]  552 	ld	a, (hl+)
    0000021C 57               [ 4]  553 	ld	d, a
    0000021D 1A               [ 8]  554 	ld	a, (de)
    0000021E 47               [ 4]  555 	ld	b, a
    0000021F D1               [12]  556 	pop	de
    00000220 D5               [16]  557 	push	de
    00000221 1A               [ 8]  558 	ld	a, (de)
    00000222 4F               [ 4]  559 	ld	c, a
    00000223 2A               [ 8]  560 	ld	a, (hl+)
    00000224 5F               [ 4]  561 	ld	e, a
    00000225 2A               [ 8]  562 	ld	a, (hl+)
    00000226 57               [ 4]  563 	ld	d, a
    00000227 1A               [ 8]  564 	ld	a, (de)
    00000228 77               [ 8]  565 	ld	(hl), a
                                    566 ;c:\gbdk2020\include\gb\gb.h:1973: OAM_item_t * itm = &shadow_OAM[nb];
    00000229 5E               [ 8]  567 	ld	e, (hl)
    0000022A 16 00            [ 8]  568 	ld	d, #0x00
    0000022C 6B               [ 4]  569 	ld	l, e
    0000022D 62               [ 4]  570 	ld	h, d
    0000022E 29               [ 8]  571 	add	hl, hl
    0000022F 29               [ 8]  572 	add	hl, hl
    00000230 11r00r00         [12]  573 	ld	de, #_shadow_OAM
    00000233 19               [ 8]  574 	add	hl, de
                                    575 ;c:\gbdk2020\include\gb\gb.h:1974: itm->y=y, itm->x=x;
    00000234 70               [ 8]  576 	ld	(hl), b
    00000235 23               [ 8]  577 	inc	hl
    00000236 71               [ 8]  578 	ld	(hl), c
                                    579 ;enemies.c:251: move_sprite(ptrEnemy->nSpriteID, ptrEnemy->nX, ptrEnemy->nY);
                                    580 ;enemies.c:252: }
    00000237 E8 08            [16]  581 	add	sp, #8
    00000239 C9               [16]  582 	ret
                                    583 ;enemies.c:264: INT8 GetSprite(INT8 nRandNumber)
                                    584 ;	---------------------------------
                                    585 ; Function GetSprite
                                    586 ; ---------------------------------
    0000023A                        587 _GetSprite::
                                    588 ;enemies.c:268: switch (nRandNumber)
    0000023A B7               [ 4]  589 	or	a, a
    0000023B 28 12            [12]  590 	jr	Z, 00101$
    0000023D FE 01            [ 8]  591 	cp	a, #0x01
    0000023F 28 11            [12]  592 	jr	Z, 00102$
    00000241 FE 02            [ 8]  593 	cp	a, #0x02
    00000243 28 10            [12]  594 	jr	Z, 00103$
    00000245 FE 03            [ 8]  595 	cp	a, #0x03
    00000247 28 0F            [12]  596 	jr	Z, 00104$
    00000249 D6 04            [ 8]  597 	sub	a, #0x04
    0000024B 28 0E            [12]  598 	jr	Z, 00105$
    0000024D 18 0F            [12]  599 	jr	00106$
                                    600 ;enemies.c:270: case 0:
    0000024F                        601 00101$:
                                    602 ;enemies.c:271: return 47;
    0000024F 3E 2F            [ 8]  603 	ld	a, #0x2f
    00000251 C9               [16]  604 	ret
                                    605 ;enemies.c:273: case 1:
    00000252                        606 00102$:
                                    607 ;enemies.c:274: return 55;
    00000252 3E 37            [ 8]  608 	ld	a, #0x37
    00000254 C9               [16]  609 	ret
                                    610 ;enemies.c:276: case 2:
    00000255                        611 00103$:
                                    612 ;enemies.c:277: return 63;
    00000255 3E 3F            [ 8]  613 	ld	a, #0x3f
    00000257 C9               [16]  614 	ret
                                    615 ;enemies.c:279: case 3:
    00000258                        616 00104$:
                                    617 ;enemies.c:280: return 71;
    00000258 3E 47            [ 8]  618 	ld	a, #0x47
    0000025A C9               [16]  619 	ret
                                    620 ;enemies.c:282: case 4:
    0000025B                        621 00105$:
                                    622 ;enemies.c:283: return 79;
    0000025B 3E 4F            [ 8]  623 	ld	a, #0x4f
    0000025D C9               [16]  624 	ret
                                    625 ;enemies.c:286: default:
    0000025E                        626 00106$:
                                    627 ;enemies.c:287: return 47;
    0000025E 3E 2F            [ 8]  628 	ld	a, #0x2f
                                    629 ;enemies.c:289: }
                                    630 ;enemies.c:290: }
    00000260 C9               [16]  631 	ret
                                    632 ;enemies.c:299: void UpdateEnemy(UINT8 nEnemyIndex, Player* ptrPlayer) 
                                    633 ;	---------------------------------
                                    634 ; Function UpdateEnemy
                                    635 ; ---------------------------------
    00000261                        636 _UpdateEnemy::
    00000261 E8 F1            [16]  637 	add	sp, #-15
    00000263 4F               [ 4]  638 	ld	c, a
    00000264 F8 0D            [12]  639 	ldhl	sp,	#13
    00000266 7B               [ 4]  640 	ld	a, e
    00000267 22               [ 8]  641 	ld	(hl+), a
    00000268 72               [ 8]  642 	ld	(hl), d
                                    643 ;enemies.c:302: Enemy* ptrEnemy = &m_aoEnemies[nEnemyIndex];
    00000269 06 00            [ 8]  644 	ld	b, #0x00
    0000026B 69               [ 4]  645 	ld	l, c
    0000026C 60               [ 4]  646 	ld	h, b
    0000026D 29               [ 8]  647 	add	hl, hl
    0000026E 09               [ 8]  648 	add	hl, bc
    0000026F 29               [ 8]  649 	add	hl, hl
    00000270 29               [ 8]  650 	add	hl, hl
    00000271 09               [ 8]  651 	add	hl, bc
    00000272 3Er00            [ 8]  652 	ld	a, #<(_m_aoEnemies)
    00000274 85               [ 4]  653 	add	a, l
    00000275 4F               [ 4]  654 	ld	c, a
    00000276 3Es00            [ 8]  655 	ld	a, #>(_m_aoEnemies)
    00000278 8C               [ 4]  656 	adc	a, h
    00000279 F8 00            [12]  657 	ldhl	sp,	#0
    0000027B 71               [ 8]  658 	ld	(hl), c
    0000027C 23               [ 8]  659 	inc	hl
    0000027D 77               [ 8]  660 	ld	(hl), a
                                    661 ;enemies.c:305: if (!ptrEnemy->bAlive) return;
    0000027E C1               [12]  662 	pop	bc
    0000027F C5               [16]  663 	push	bc
    00000280 03               [ 8]  664 	inc	bc
    00000281 03               [ 8]  665 	inc	bc
    00000282 03               [ 8]  666 	inc	bc
    00000283 0A               [ 8]  667 	ld	a, (bc)
    00000284 F8 0C            [12]  668 	ldhl	sp,	#12
    00000286 77               [ 8]  669 	ld	(hl), a
    00000287 7E               [ 8]  670 	ld	a, (hl)
    00000288 B7               [ 4]  671 	or	a, a
    00000289 CArC3r04         [16]  672 	jp	Z, 00133$
                                    673 ;enemies.c:308: if (!ptrEnemy->bCantMove) 
    0000028C D1               [12]  674 	pop	de
    0000028D D5               [16]  675 	push	de
    0000028E 21 06 00         [12]  676 	ld	hl, #0x0006
    00000291 19               [ 8]  677 	add	hl, de
    00000292 E5               [16]  678 	push	hl
    00000293 7D               [ 4]  679 	ld	a, l
    00000294 F8 04            [12]  680 	ldhl	sp,	#4
    00000296 77               [ 8]  681 	ld	(hl), a
    00000297 E1               [12]  682 	pop	hl
    00000298 7C               [ 4]  683 	ld	a, h
    00000299 F8 03            [12]  684 	ldhl	sp,	#3
    0000029B 32               [ 8]  685 	ld	(hl-), a
    0000029C 2A               [ 8]  686 	ld	a, (hl+)
    0000029D 5F               [ 4]  687 	ld	e, a
    0000029E 56               [ 8]  688 	ld	d, (hl)
    0000029F 1A               [ 8]  689 	ld	a, (de)
    000002A0 B7               [ 4]  690 	or	a, a
    000002A1 C2rEEr03         [16]  691 	jp	NZ, 00120$
                                    692 ;enemies.c:311: ptrEnemy->nSubPixelX += m_nCurrentSpeed;
    000002A4 D1               [12]  693 	pop	de
    000002A5 D5               [16]  694 	push	de
    000002A6 21 09 00         [12]  695 	ld	hl, #0x0009
    000002A9 19               [ 8]  696 	add	hl, de
    000002AA E5               [16]  697 	push	hl
    000002AB 7D               [ 4]  698 	ld	a, l
    000002AC F8 06            [12]  699 	ldhl	sp,	#6
    000002AE 77               [ 8]  700 	ld	(hl), a
    000002AF E1               [12]  701 	pop	hl
    000002B0 7C               [ 4]  702 	ld	a, h
    000002B1 F8 05            [12]  703 	ldhl	sp,	#5
    000002B3 32               [ 8]  704 	ld	(hl-), a
    000002B4 2A               [ 8]  705 	ld	a, (hl+)
    000002B5 5F               [ 4]  706 	ld	e, a
    000002B6 56               [ 8]  707 	ld	d, (hl)
    000002B7 1A               [ 8]  708 	ld	a, (de)
    000002B8 21r02r00         [12]  709 	ld	hl, #_m_nCurrentSpeed
    000002BB 86               [ 8]  710 	add	a, (hl)
    000002BC F8 04            [12]  711 	ldhl	sp,	#4
    000002BE 5E               [ 8]  712 	ld	e, (hl)
    000002BF 23               [ 8]  713 	inc	hl
    000002C0 66               [ 8]  714 	ld	h, (hl)
    000002C1 6B               [ 4]  715 	ld	l, e
    000002C2 77               [ 8]  716 	ld	(hl), a
                                    717 ;enemies.c:312: ptrEnemy->nSubPixelY += m_nCurrentSpeed;
    000002C3 D1               [12]  718 	pop	de
    000002C4 D5               [16]  719 	push	de
    000002C5 21 0A 00         [12]  720 	ld	hl, #0x000a
    000002C8 19               [ 8]  721 	add	hl, de
    000002C9 E5               [16]  722 	push	hl
    000002CA 7D               [ 4]  723 	ld	a, l
    000002CB F8 08            [12]  724 	ldhl	sp,	#8
    000002CD 77               [ 8]  725 	ld	(hl), a
    000002CE E1               [12]  726 	pop	hl
    000002CF 7C               [ 4]  727 	ld	a, h
    000002D0 F8 07            [12]  728 	ldhl	sp,	#7
    000002D2 32               [ 8]  729 	ld	(hl-), a
    000002D3 2A               [ 8]  730 	ld	a, (hl+)
    000002D4 5F               [ 4]  731 	ld	e, a
    000002D5 56               [ 8]  732 	ld	d, (hl)
    000002D6 1A               [ 8]  733 	ld	a, (de)
    000002D7 21r02r00         [12]  734 	ld	hl, #_m_nCurrentSpeed
    000002DA 86               [ 8]  735 	add	a, (hl)
    000002DB F8 06            [12]  736 	ldhl	sp,	#6
    000002DD 5E               [ 8]  737 	ld	e, (hl)
    000002DE 23               [ 8]  738 	inc	hl
    000002DF 66               [ 8]  739 	ld	h, (hl)
    000002E0 6B               [ 4]  740 	ld	l, e
    000002E1 77               [ 8]  741 	ld	(hl), a
                                    742 ;enemies.c:314: if (ptrEnemy->nSubPixelX >= 16) 
    000002E2 F8 04            [12]  743 	ldhl	sp,#4
    000002E4 2A               [ 8]  744 	ld	a, (hl+)
    000002E5 5F               [ 4]  745 	ld	e, a
    000002E6 56               [ 8]  746 	ld	d, (hl)
    000002E7 1A               [ 8]  747 	ld	a, (de)
    000002E8 4F               [ 4]  748 	ld	c, a
                                    749 ;enemies.c:316: ptrEnemy->nX += ptrEnemy->nDirX;
    000002E9 F8 00            [12]  750 	ldhl	sp,	#0
    000002EB 7E               [ 8]  751 	ld	a, (hl)
    000002EC F8 08            [12]  752 	ldhl	sp,	#8
    000002EE 77               [ 8]  753 	ld	(hl), a
    000002EF F8 01            [12]  754 	ldhl	sp,	#1
    000002F1 7E               [ 8]  755 	ld	a, (hl)
    000002F2 F8 09            [12]  756 	ldhl	sp,	#9
    000002F4 77               [ 8]  757 	ld	(hl), a
                                    758 ;enemies.c:314: if (ptrEnemy->nSubPixelX >= 16) 
    000002F5 79               [ 4]  759 	ld	a, c
    000002F6 D6 10            [ 8]  760 	sub	a, #0x10
    000002F8 38 34            [12]  761 	jr	C, 00104$
                                    762 ;enemies.c:316: ptrEnemy->nX += ptrEnemy->nDirX;
    000002FA 2B               [ 8]  763 	dec	hl
    000002FB 2A               [ 8]  764 	ld	a, (hl+)
    000002FC 5F               [ 4]  765 	ld	e, a
    000002FD 2A               [ 8]  766 	ld	a, (hl+)
    000002FE 57               [ 4]  767 	ld	d, a
    000002FF 1A               [ 8]  768 	ld	a, (de)
    00000300 77               [ 8]  769 	ld	(hl), a
    00000301 D1               [12]  770 	pop	de
    00000302 D5               [16]  771 	push	de
    00000303 21 04 00         [12]  772 	ld	hl, #0x0004
    00000306 19               [ 8]  773 	add	hl, de
    00000307 E5               [16]  774 	push	hl
    00000308 7D               [ 4]  775 	ld	a, l
    00000309 F8 0D            [12]  776 	ldhl	sp,	#13
    0000030B 77               [ 8]  777 	ld	(hl), a
    0000030C E1               [12]  778 	pop	hl
    0000030D 7C               [ 4]  779 	ld	a, h
    0000030E F8 0C            [12]  780 	ldhl	sp,	#12
    00000310 32               [ 8]  781 	ld	(hl-), a
    00000311 2A               [ 8]  782 	ld	a, (hl+)
    00000312 5F               [ 4]  783 	ld	e, a
    00000313 3A               [ 8]  784 	ld	a, (hl-)
    00000314 2B               [ 8]  785 	dec	hl
    00000315 57               [ 4]  786 	ld	d, a
    00000316 1A               [ 8]  787 	ld	a, (de)
    00000317 4E               [ 8]  788 	ld	c, (hl)
    00000318 2B               [ 8]  789 	dec	hl
    00000319 2B               [ 8]  790 	dec	hl
    0000031A 81               [ 4]  791 	add	a, c
    0000031B 5E               [ 8]  792 	ld	e, (hl)
    0000031C 23               [ 8]  793 	inc	hl
    0000031D 66               [ 8]  794 	ld	h, (hl)
    0000031E 6B               [ 4]  795 	ld	l, e
    0000031F 77               [ 8]  796 	ld	(hl), a
                                    797 ;enemies.c:317: ptrEnemy->nSubPixelX -= 16;
    00000320 F8 04            [12]  798 	ldhl	sp,#4
    00000322 2A               [ 8]  799 	ld	a, (hl+)
    00000323 5F               [ 4]  800 	ld	e, a
    00000324 3A               [ 8]  801 	ld	a, (hl-)
    00000325 57               [ 4]  802 	ld	d, a
    00000326 1A               [ 8]  803 	ld	a, (de)
    00000327 C6 F0            [ 8]  804 	add	a, #0xf0
    00000329 5E               [ 8]  805 	ld	e, (hl)
    0000032A 23               [ 8]  806 	inc	hl
    0000032B 66               [ 8]  807 	ld	h, (hl)
    0000032C 6B               [ 4]  808 	ld	l, e
    0000032D 77               [ 8]  809 	ld	(hl), a
    0000032E                        810 00104$:
                                    811 ;enemies.c:319: if (ptrEnemy->nSubPixelY >= 16) 
    0000032E F8 06            [12]  812 	ldhl	sp,#6
    00000330 2A               [ 8]  813 	ld	a, (hl+)
    00000331 5F               [ 4]  814 	ld	e, a
    00000332 56               [ 8]  815 	ld	d, (hl)
    00000333 1A               [ 8]  816 	ld	a, (de)
    00000334 4F               [ 4]  817 	ld	c, a
                                    818 ;enemies.c:321: ptrEnemy->nY += ptrEnemy->nDirY;
    00000335 D1               [12]  819 	pop	de
    00000336 D5               [16]  820 	push	de
    00000337 6B               [ 4]  821 	ld	l, e
    00000338 62               [ 4]  822 	ld	h, d
    00000339 23               [ 8]  823 	inc	hl
    0000033A E5               [16]  824 	push	hl
    0000033B 7D               [ 4]  825 	ld	a, l
    0000033C F8 0D            [12]  826 	ldhl	sp,	#13
    0000033E 77               [ 8]  827 	ld	(hl), a
    0000033F E1               [12]  828 	pop	hl
    00000340 7C               [ 4]  829 	ld	a, h
    00000341 F8 0C            [12]  830 	ldhl	sp,	#12
    00000343 77               [ 8]  831 	ld	(hl), a
                                    832 ;enemies.c:319: if (ptrEnemy->nSubPixelY >= 16) 
    00000344 79               [ 4]  833 	ld	a, c
    00000345 D6 10            [ 8]  834 	sub	a, #0x10
    00000347 38 25            [12]  835 	jr	C, 00106$
                                    836 ;enemies.c:321: ptrEnemy->nY += ptrEnemy->nDirY;
    00000349 2B               [ 8]  837 	dec	hl
    0000034A 2A               [ 8]  838 	ld	a, (hl+)
    0000034B 5F               [ 4]  839 	ld	e, a
    0000034C 56               [ 8]  840 	ld	d, (hl)
    0000034D 1A               [ 8]  841 	ld	a, (de)
    0000034E 4F               [ 4]  842 	ld	c, a
    0000034F D1               [12]  843 	pop	de
    00000350 D5               [16]  844 	push	de
    00000351 21 05 00         [12]  845 	ld	hl, #0x0005
    00000354 19               [ 8]  846 	add	hl, de
    00000355 5D               [ 4]  847 	ld	e, l
    00000356 54               [ 4]  848 	ld	d, h
    00000357 1A               [ 8]  849 	ld	a, (de)
    00000358 81               [ 4]  850 	add	a, c
    00000359 F8 0B            [12]  851 	ldhl	sp,	#11
    0000035B 5E               [ 8]  852 	ld	e, (hl)
    0000035C 23               [ 8]  853 	inc	hl
    0000035D 66               [ 8]  854 	ld	h, (hl)
    0000035E 6B               [ 4]  855 	ld	l, e
    0000035F 77               [ 8]  856 	ld	(hl), a
                                    857 ;enemies.c:322: ptrEnemy->nSubPixelY -= 16;
    00000360 F8 06            [12]  858 	ldhl	sp,#6
    00000362 2A               [ 8]  859 	ld	a, (hl+)
    00000363 5F               [ 4]  860 	ld	e, a
    00000364 3A               [ 8]  861 	ld	a, (hl-)
    00000365 57               [ 4]  862 	ld	d, a
    00000366 1A               [ 8]  863 	ld	a, (de)
    00000367 C6 F0            [ 8]  864 	add	a, #0xf0
    00000369 5E               [ 8]  865 	ld	e, (hl)
    0000036A 23               [ 8]  866 	inc	hl
    0000036B 66               [ 8]  867 	ld	h, (hl)
    0000036C 6B               [ 4]  868 	ld	l, e
    0000036D 77               [ 8]  869 	ld	(hl), a
    0000036E                        870 00106$:
                                    871 ;enemies.c:326: if (!ptrEnemy->bMainSpriteSet)
    0000036E D1               [12]  872 	pop	de
    0000036F D5               [16]  873 	push	de
    00000370 21 0C 00         [12]  874 	ld	hl, #0x000c
    00000373 19               [ 8]  875 	add	hl, de
    00000374 E5               [16]  876 	push	hl
    00000375 7D               [ 4]  877 	ld	a, l
    00000376 F8 08            [12]  878 	ldhl	sp,	#8
    00000378 77               [ 8]  879 	ld	(hl), a
    00000379 E1               [12]  880 	pop	hl
    0000037A 7C               [ 4]  881 	ld	a, h
    0000037B F8 07            [12]  882 	ldhl	sp,	#7
    0000037D 32               [ 8]  883 	ld	(hl-), a
    0000037E 2A               [ 8]  884 	ld	a, (hl+)
    0000037F 5F               [ 4]  885 	ld	e, a
    00000380 56               [ 8]  886 	ld	d, (hl)
    00000381 1A               [ 8]  887 	ld	a, (de)
    00000382 B7               [ 4]  888 	or	a, a
    00000383 20 3C            [12]  889 	jr	NZ, 00113$
                                    890 ;enemies.c:329: if (ptrEnemy->nX >= 15 && ptrEnemy->nX <= 153 && ptrEnemy->nY >= 44 && ptrEnemy->nY <= 143) 
    00000385 23               [ 8]  891 	inc	hl
    00000386 2A               [ 8]  892 	ld	a, (hl+)
    00000387 5F               [ 4]  893 	ld	e, a
    00000388 56               [ 8]  894 	ld	d, (hl)
    00000389 1A               [ 8]  895 	ld	a, (de)
    0000038A FE 0F            [ 8]  896 	cp	a, #0x0f
    0000038C 38 33            [12]  897 	jr	C, 00113$
    0000038E FE 9A            [ 8]  898 	cp	a, #0x9a
    00000390 30 2F            [12]  899 	jr	NC, 00113$
    00000392 F8 0B            [12]  900 	ldhl	sp,#11
    00000394 2A               [ 8]  901 	ld	a, (hl+)
    00000395 5F               [ 4]  902 	ld	e, a
    00000396 56               [ 8]  903 	ld	d, (hl)
    00000397 1A               [ 8]  904 	ld	a, (de)
    00000398 FE 2C            [ 8]  905 	cp	a, #0x2c
    0000039A 38 25            [12]  906 	jr	C, 00113$
    0000039C FE 90            [ 8]  907 	cp	a, #0x90
    0000039E 30 21            [12]  908 	jr	NC, 00113$
                                    909 ;enemies.c:332: ptrEnemy->bMainSpriteSet = TRUE;
    000003A0 F8 06            [12]  910 	ldhl	sp,	#6
    000003A2 2A               [ 8]  911 	ld	a, (hl+)
    000003A3 66               [ 8]  912 	ld	h, (hl)
    000003A4 6F               [ 4]  913 	ld	l, a
    000003A5 36 01            [12]  914 	ld	(hl), #0x01
                                    915 ;enemies.c:335: set_sprite_tile(ptrEnemy->nSpriteID, ptrEnemy->nSpriteNumber);
    000003A7 D1               [12]  916 	pop	de
    000003A8 D5               [16]  917 	push	de
    000003A9 21 0B 00         [12]  918 	ld	hl, #0x000b
    000003AC 19               [ 8]  919 	add	hl, de
    000003AD 4D               [ 4]  920 	ld	c, l
    000003AE 44               [ 4]  921 	ld	b, h
    000003AF 0A               [ 8]  922 	ld	a, (bc)
    000003B0 4F               [ 4]  923 	ld	c, a
    000003B1 E1               [12]  924 	pop	hl
    000003B2 E5               [16]  925 	push	hl
    000003B3 23               [ 8]  926 	inc	hl
    000003B4 23               [ 8]  927 	inc	hl
                                    928 ;c:\gbdk2020\include\gb\gb.h:1887: shadow_OAM[nb].tile=tile;
    000003B5 6E               [ 8]  929 	ld	l, (hl)
    000003B6 11r00r00         [12]  930 	ld	de, #_shadow_OAM+0
    000003B9 26 00            [ 8]  931 	ld	h, #0x00
    000003BB 29               [ 8]  932 	add	hl, hl
    000003BC 29               [ 8]  933 	add	hl, hl
    000003BD 19               [ 8]  934 	add	hl, de
    000003BE 23               [ 8]  935 	inc	hl
    000003BF 23               [ 8]  936 	inc	hl
    000003C0 71               [ 8]  937 	ld	(hl), c
                                    938 ;enemies.c:335: set_sprite_tile(ptrEnemy->nSpriteID, ptrEnemy->nSpriteNumber);
    000003C1                        939 00113$:
                                    940 ;enemies.c:340: if (ptrEnemy->nX >= 76 && ptrEnemy->nX <= 86 && ptrEnemy->nY >= 74 && ptrEnemy->nY <= 84) 
    000003C1 F8 00            [12]  941 	ldhl	sp,	#0
    000003C3 7E               [ 8]  942 	ld	a, (hl)
    000003C4 F8 0B            [12]  943 	ldhl	sp,	#11
    000003C6 77               [ 8]  944 	ld	(hl), a
    000003C7 F8 01            [12]  945 	ldhl	sp,	#1
    000003C9 7E               [ 8]  946 	ld	a, (hl)
    000003CA F8 0C            [12]  947 	ldhl	sp,	#12
    000003CC 32               [ 8]  948 	ld	(hl-), a
    000003CD 2A               [ 8]  949 	ld	a, (hl+)
    000003CE 5F               [ 4]  950 	ld	e, a
    000003CF 56               [ 8]  951 	ld	d, (hl)
    000003D0 1A               [ 8]  952 	ld	a, (de)
                                    953 ;enemies.c:321: ptrEnemy->nY += ptrEnemy->nDirY;
    000003D1 C1               [12]  954 	pop	bc
    000003D2 C5               [16]  955 	push	bc
    000003D3 03               [ 8]  956 	inc	bc
                                    957 ;enemies.c:340: if (ptrEnemy->nX >= 76 && ptrEnemy->nX <= 86 && ptrEnemy->nY >= 74 && ptrEnemy->nY <= 84) 
    000003D4 FE 4C            [ 8]  958 	cp	a, #0x4c
    000003D6 38 28            [12]  959 	jr	C, 00121$
    000003D8 FE 57            [ 8]  960 	cp	a, #0x57
    000003DA 30 24            [12]  961 	jr	NC, 00121$
    000003DC 0A               [ 8]  962 	ld	a, (bc)
    000003DD FE 4A            [ 8]  963 	cp	a, #0x4a
    000003DF 38 1F            [12]  964 	jr	C, 00121$
    000003E1 FE 55            [ 8]  965 	cp	a, #0x55
    000003E3 30 1B            [12]  966 	jr	NC, 00121$
                                    967 ;enemies.c:344: ptrEnemy->bCantMove = TRUE;
    000003E5 F8 02            [12]  968 	ldhl	sp,	#2
    000003E7 2A               [ 8]  969 	ld	a, (hl+)
    000003E8 66               [ 8]  970 	ld	h, (hl)
    000003E9 6F               [ 4]  971 	ld	l, a
    000003EA 36 01            [12]  972 	ld	(hl), #0x01
    000003EC 18 12            [12]  973 	jr	00121$
    000003EE                        974 00120$:
                                    975 ;enemies.c:354: KillEnemy(FALSE, ptrEnemy, ptrPlayer);
    000003EE F8 0D            [12]  976 	ldhl	sp,	#13
    000003F0 2A               [ 8]  977 	ld	a, (hl+)
    000003F1 5F               [ 4]  978 	ld	e, a
    000003F2 56               [ 8]  979 	ld	d, (hl)
    000003F3 D5               [16]  980 	push	de
    000003F4 F8 02            [12]  981 	ldhl	sp,	#2
    000003F6 2A               [ 8]  982 	ld	a, (hl+)
    000003F7 5F               [ 4]  983 	ld	e, a
    000003F8 56               [ 8]  984 	ld	d, (hl)
    000003F9 AF               [ 4]  985 	xor	a, a
    000003FA CDrC6r04         [24]  986 	call	_KillEnemy
                                    987 ;enemies.c:359: return;
    000003FD C3rC3r04         [16]  988 	jp	00133$
    00000400                        989 00121$:
                                    990 ;enemies.c:363: if (!ptrEnemy->bCantMove)
    00000400 F8 02            [12]  991 	ldhl	sp,#2
    00000402 2A               [ 8]  992 	ld	a, (hl+)
    00000403 5F               [ 4]  993 	ld	e, a
    00000404 56               [ 8]  994 	ld	d, (hl)
    00000405 1A               [ 8]  995 	ld	a, (de)
                                    996 ;enemies.c:340: if (ptrEnemy->nX >= 76 && ptrEnemy->nX <= 86 && ptrEnemy->nY >= 74 && ptrEnemy->nY <= 84) 
    00000406 F8 0B            [12]  997 	ldhl	sp,#11
    00000408 5E               [ 8]  998 	ld	e, (hl)
    00000409 23               [ 8]  999 	inc	hl
    0000040A 56               [ 8] 1000 	ld	d, (hl)
    0000040B F5               [16] 1001 	push	af
    0000040C 1A               [ 8] 1002 	ld	a, (de)
    0000040D F8 0A            [12] 1003 	ldhl	sp,	#10
                                   1004 ;enemies.c:321: ptrEnemy->nY += ptrEnemy->nDirY;
    0000040F 22               [ 8] 1005 	ld	(hl+), a
    00000410 0A               [ 8] 1006 	ld	a, (bc)
    00000411 77               [ 8] 1007 	ld	(hl), a
    00000412 F1               [12] 1008 	pop	af
                                   1009 ;enemies.c:363: if (!ptrEnemy->bCantMove)
    00000413 B7               [ 4] 1010 	or	a, a
    00000414 20 53            [12] 1011 	jr	NZ, 00130$
                                   1012 ;enemies.c:367: if ((ptrEnemy->nIndex == ptrPlayer->nDirCheck))
    00000416 D1               [12] 1013 	pop	de
    00000417 D5               [16] 1014 	push	de
    00000418 21 08 00         [12] 1015 	ld	hl, #0x0008
    0000041B 19               [ 8] 1016 	add	hl, de
    0000041C 4D               [ 4] 1017 	ld	c, l
    0000041D 44               [ 4] 1018 	ld	b, h
    0000041E 0A               [ 8] 1019 	ld	a, (bc)
    0000041F F8 0A            [12] 1020 	ldhl	sp,	#10
    00000421 77               [ 8] 1021 	ld	(hl), a
    00000422 F8 0D            [12] 1022 	ldhl	sp,#13
    00000424 2A               [ 8] 1023 	ld	a, (hl+)
    00000425 5F               [ 4] 1024 	ld	e, a
    00000426 56               [ 8] 1025 	ld	d, (hl)
    00000427 21 13 00         [12] 1026 	ld	hl, #0x0013
    0000042A 19               [ 8] 1027 	add	hl, de
    0000042B E5               [16] 1028 	push	hl
    0000042C 7D               [ 4] 1029 	ld	a, l
    0000042D F8 0D            [12] 1030 	ldhl	sp,	#13
    0000042F 77               [ 8] 1031 	ld	(hl), a
    00000430 E1               [12] 1032 	pop	hl
    00000431 7C               [ 4] 1033 	ld	a, h
    00000432 F8 0C            [12] 1034 	ldhl	sp,	#12
    00000434 32               [ 8] 1035 	ld	(hl-), a
    00000435 2A               [ 8] 1036 	ld	a, (hl+)
    00000436 5F               [ 4] 1037 	ld	e, a
    00000437 56               [ 8] 1038 	ld	d, (hl)
    00000438 1A               [ 8] 1039 	ld	a, (de)
    00000439 32               [ 8] 1040 	ld	(hl-), a
    0000043A 2B               [ 8] 1041 	dec	hl
    0000043B 2A               [ 8] 1042 	ld	a, (hl+)
    0000043C 23               [ 8] 1043 	inc	hl
    0000043D 96               [ 8] 1044 	sub	a, (hl)
    0000043E 20 29            [12] 1045 	jr	NZ, 00130$
                                   1046 ;enemies.c:370: if (ptrEnemy->nX >= 62 && ptrEnemy->nX <= 100 && ptrEnemy->nY >= 60 && ptrEnemy->nY <= 100) 
    00000440 F8 08            [12] 1047 	ldhl	sp,	#8
    00000442 7E               [ 8] 1048 	ld	a, (hl)
    00000443 D6 3E            [ 8] 1049 	sub	a, #0x3e
    00000445 38 22            [12] 1050 	jr	C, 00130$
    00000447 3E 64            [ 8] 1051 	ld	a, #0x64
    00000449 96               [ 8] 1052 	sub	a, (hl)
    0000044A 38 1D            [12] 1053 	jr	C, 00130$
    0000044C 23               [ 8] 1054 	inc	hl
    0000044D 7E               [ 8] 1055 	ld	a, (hl)
    0000044E D6 3C            [ 8] 1056 	sub	a, #0x3c
    00000450 38 17            [12] 1057 	jr	C, 00130$
    00000452 3E 64            [ 8] 1058 	ld	a, #0x64
    00000454 96               [ 8] 1059 	sub	a, (hl)
    00000455 38 12            [12] 1060 	jr	C, 00130$
                                   1061 ;enemies.c:373: KillEnemy(TRUE, ptrEnemy, ptrPlayer);
    00000457 F8 0D            [12] 1062 	ldhl	sp,	#13
    00000459 2A               [ 8] 1063 	ld	a, (hl+)
    0000045A 5F               [ 4] 1064 	ld	e, a
    0000045B 56               [ 8] 1065 	ld	d, (hl)
    0000045C D5               [16] 1066 	push	de
    0000045D F8 02            [12] 1067 	ldhl	sp,	#2
    0000045F 2A               [ 8] 1068 	ld	a, (hl+)
    00000460 5F               [ 4] 1069 	ld	e, a
    00000461 56               [ 8] 1070 	ld	d, (hl)
    00000462 3E 01            [ 8] 1071 	ld	a, #0x01
    00000464 CDrC6r04         [24] 1072 	call	_KillEnemy
                                   1073 ;enemies.c:378: return;
    00000467 18 5A            [12] 1074 	jr	00133$
    00000469                       1075 00130$:
                                   1076 ;enemies.c:384: move_sprite(ptrEnemy->nSpriteID, ptrEnemy->nX, ptrEnemy->nY);
    00000469 F8 09            [12] 1077 	ldhl	sp,	#9
    0000046B 7E               [ 8] 1078 	ld	a, (hl)
    0000046C F8 0C            [12] 1079 	ldhl	sp,	#12
    0000046E 77               [ 8] 1080 	ld	(hl), a
    0000046F F8 08            [12] 1081 	ldhl	sp,	#8
    00000471 7E               [ 8] 1082 	ld	a, (hl)
    00000472 F8 0B            [12] 1083 	ldhl	sp,	#11
    00000474 77               [ 8] 1084 	ld	(hl), a
    00000475 E1               [12] 1085 	pop	hl
    00000476 E5               [16] 1086 	push	hl
    00000477 23               [ 8] 1087 	inc	hl
    00000478 23               [ 8] 1088 	inc	hl
    00000479 4E               [ 8] 1089 	ld	c, (hl)
                                   1090 ;c:\gbdk2020\include\gb\gb.h:1973: OAM_item_t * itm = &shadow_OAM[nb];
    0000047A F8 09            [12] 1091 	ldhl	sp,	#9
    0000047C 79               [ 4] 1092 	ld	a, c
    0000047D 22               [ 8] 1093 	ld	(hl+), a
    0000047E AF               [ 4] 1094 	xor	a, a
    0000047F 32               [ 8] 1095 	ld	(hl-), a
    00000480 3A               [ 8] 1096 	ld	a, (hl-)
    00000481 2B               [ 8] 1097 	dec	hl
    00000482 22               [ 8] 1098 	ld	(hl+), a
    00000483 36 00            [12] 1099 	ld	(hl), #0x00
    00000485 3E 02            [ 8] 1100 	ld	a, #0x02
    00000487                       1101 00270$:
    00000487 F8 07            [12] 1102 	ldhl	sp,	#7
    00000489 CB 26            [16] 1103 	sla	(hl)
    0000048B 23               [ 8] 1104 	inc	hl
    0000048C CB 16            [16] 1105 	rl	(hl)
    0000048E 3D               [ 4] 1106 	dec	a
    0000048F 20 F6            [12] 1107 	jr	NZ, 00270$
    00000491 2B               [ 8] 1108 	dec	hl
    00000492 2A               [ 8] 1109 	ld	a, (hl+)
    00000493 5F               [ 4] 1110 	ld	e, a
    00000494 56               [ 8] 1111 	ld	d, (hl)
    00000495 21r00r00         [12] 1112 	ld	hl, #_shadow_OAM
    00000498 19               [ 8] 1113 	add	hl, de
    00000499 E5               [16] 1114 	push	hl
    0000049A 7D               [ 4] 1115 	ld	a, l
    0000049B F8 0B            [12] 1116 	ldhl	sp,	#11
    0000049D 77               [ 8] 1117 	ld	(hl), a
    0000049E E1               [12] 1118 	pop	hl
    0000049F 7C               [ 4] 1119 	ld	a, h
    000004A0 F8 0A            [12] 1120 	ldhl	sp,	#10
                                   1121 ;c:\gbdk2020\include\gb\gb.h:1974: itm->y=y, itm->x=x;
    000004A2 32               [ 8] 1122 	ld	(hl-), a
    000004A3 2A               [ 8] 1123 	ld	a, (hl+)
    000004A4 5F               [ 4] 1124 	ld	e, a
    000004A5 2A               [ 8] 1125 	ld	a, (hl+)
    000004A6 23               [ 8] 1126 	inc	hl
    000004A7 57               [ 4] 1127 	ld	d, a
    000004A8 3A               [ 8] 1128 	ld	a, (hl-)
    000004A9 2B               [ 8] 1129 	dec	hl
    000004AA 2B               [ 8] 1130 	dec	hl
    000004AB 12               [ 8] 1131 	ld	(de), a
    000004AC 2A               [ 8] 1132 	ld	a, (hl+)
    000004AD 5F               [ 4] 1133 	ld	e, a
    000004AE 56               [ 8] 1134 	ld	d, (hl)
    000004AF 6B               [ 4] 1135 	ld	l, e
    000004B0 62               [ 4] 1136 	ld	h, d
    000004B1 23               [ 8] 1137 	inc	hl
    000004B2 E5               [16] 1138 	push	hl
    000004B3 7D               [ 4] 1139 	ld	a, l
    000004B4 F8 09            [12] 1140 	ldhl	sp,	#9
    000004B6 77               [ 8] 1141 	ld	(hl), a
    000004B7 E1               [12] 1142 	pop	hl
    000004B8 7C               [ 4] 1143 	ld	a, h
    000004B9 F8 08            [12] 1144 	ldhl	sp,	#8
    000004BB 32               [ 8] 1145 	ld	(hl-), a
    000004BC 2A               [ 8] 1146 	ld	a, (hl+)
    000004BD 5F               [ 4] 1147 	ld	e, a
    000004BE 56               [ 8] 1148 	ld	d, (hl)
    000004BF F8 0B            [12] 1149 	ldhl	sp,	#11
    000004C1 7E               [ 8] 1150 	ld	a, (hl)
    000004C2 12               [ 8] 1151 	ld	(de), a
                                   1152 ;enemies.c:384: move_sprite(ptrEnemy->nSpriteID, ptrEnemy->nX, ptrEnemy->nY);
    000004C3                       1153 00133$:
                                   1154 ;enemies.c:385: }
    000004C3 E8 0F            [16] 1155 	add	sp, #15
    000004C5 C9               [16] 1156 	ret
                                   1157 ;enemies.c:395: void KillEnemy(BOOLEAN bDoesPlayerScore, Enemy* ptrEnemy, Player* ptrPlayer)
                                   1158 ;	---------------------------------
                                   1159 ; Function KillEnemy
                                   1160 ; ---------------------------------
    000004C6                       1161 _KillEnemy::
    000004C6 E8 FD            [16] 1162 	add	sp, #-3
    000004C8 F8 02            [12] 1163 	ldhl	sp,	#2
    000004CA 77               [ 8] 1164 	ld	(hl), a
    000004CB 33               [ 8] 1165 	inc	sp
    000004CC 33               [ 8] 1166 	inc	sp
    000004CD D5               [16] 1167 	push	de
                                   1168 ;enemies.c:398: ptrPlayer->nTotalShotsTaken++;
    000004CE F8 05            [12] 1169 	ldhl	sp,#5
    000004D0 2A               [ 8] 1170 	ld	a, (hl+)
    000004D1 5F               [ 4] 1171 	ld	e, a
    000004D2 56               [ 8] 1172 	ld	d, (hl)
    000004D3 21 16 00         [12] 1173 	ld	hl, #0x0016
    000004D6 19               [ 8] 1174 	add	hl, de
    000004D7 4D               [ 4] 1175 	ld	c,l
    000004D8 44               [ 4] 1176 	ld	b,h
    000004D9 2A               [ 8] 1177 	ld	a,	(hl+)
    000004DA 66               [ 8] 1178 	ld	h, (hl)
    000004DB 6F               [ 4] 1179 	ld	l, a
    000004DC 23               [ 8] 1180 	inc	hl
    000004DD 7D               [ 4] 1181 	ld	a, l
    000004DE 02               [ 8] 1182 	ld	(bc), a
    000004DF 03               [ 8] 1183 	inc	bc
    000004E0 7C               [ 4] 1184 	ld	a, h
    000004E1 02               [ 8] 1185 	ld	(bc), a
                                   1186 ;enemies.c:401: ptrEnemy->bAlive = FALSE;
    000004E2 C1               [12] 1187 	pop	bc
    000004E3 C5               [16] 1188 	push	bc
    000004E4 03               [ 8] 1189 	inc	bc
    000004E5 03               [ 8] 1190 	inc	bc
    000004E6 03               [ 8] 1191 	inc	bc
    000004E7 AF               [ 4] 1192 	xor	a, a
    000004E8 02               [ 8] 1193 	ld	(bc), a
                                   1194 ;enemies.c:404: set_sprite_tile(ptrEnemy->nSpriteID, 0);
    000004E9 C1               [12] 1195 	pop	bc
    000004EA C5               [16] 1196 	push	bc
    000004EB 03               [ 8] 1197 	inc	bc
    000004EC 03               [ 8] 1198 	inc	bc
    000004ED 0A               [ 8] 1199 	ld	a, (bc)
    000004EE 5F               [ 4] 1200 	ld	e, a
                                   1201 ;c:\gbdk2020\include\gb\gb.h:1887: shadow_OAM[nb].tile=tile;
    000004EF AF               [ 4] 1202 	xor	a, a
    000004F0 6B               [ 4] 1203 	ld	l, e
    000004F1 67               [ 4] 1204 	ld	h, a
    000004F2 29               [ 8] 1205 	add	hl, hl
    000004F3 29               [ 8] 1206 	add	hl, hl
    000004F4 11r00r00         [12] 1207 	ld	de, #_shadow_OAM
    000004F7 19               [ 8] 1208 	add	hl, de
    000004F8 23               [ 8] 1209 	inc	hl
    000004F9 23               [ 8] 1210 	inc	hl
    000004FA 36 00            [12] 1211 	ld	(hl), #0x00
                                   1212 ;enemies.c:405: move_sprite(ptrEnemy->nSpriteID, 0, 0);
    000004FC 0A               [ 8] 1213 	ld	a, (bc)
    000004FD 5F               [ 4] 1214 	ld	e, a
                                   1215 ;c:\gbdk2020\include\gb\gb.h:1973: OAM_item_t * itm = &shadow_OAM[nb];
    000004FE 01r00r00         [12] 1216 	ld	bc, #_shadow_OAM+0
    00000501 AF               [ 4] 1217 	xor	a, a
    00000502 6B               [ 4] 1218 	ld	l, e
    00000503 67               [ 4] 1219 	ld	h, a
    00000504 29               [ 8] 1220 	add	hl, hl
    00000505 29               [ 8] 1221 	add	hl, hl
    00000506 09               [ 8] 1222 	add	hl, bc
                                   1223 ;c:\gbdk2020\include\gb\gb.h:1974: itm->y=y, itm->x=x;
    00000507 AF               [ 4] 1224 	xor	a, a
    00000508 22               [ 8] 1225 	ld	(hl+), a
    00000509 77               [ 8] 1226 	ld	(hl), a
                                   1227 ;enemies.c:408: if (bDoesPlayerScore)
    0000050A F8 02            [12] 1228 	ldhl	sp,	#2
    0000050C 7E               [ 8] 1229 	ld	a, (hl)
    0000050D B7               [ 4] 1230 	or	a, a
    0000050E 28 23            [12] 1231 	jr	Z, 00102$
                                   1232 ;enemies.c:411: ptrPlayer->nScore += 1;
    00000510 F8 05            [12] 1233 	ldhl	sp,#5
    00000512 2A               [ 8] 1234 	ld	a, (hl+)
    00000513 5F               [ 4] 1235 	ld	e, a
    00000514 56               [ 8] 1236 	ld	d, (hl)
    00000515 21 14 00         [12] 1237 	ld	hl, #0x0014
    00000518 19               [ 8] 1238 	add	hl, de
    00000519 4D               [ 4] 1239 	ld	c,l
    0000051A 44               [ 4] 1240 	ld	b,h
    0000051B 2A               [ 8] 1241 	ld	a,	(hl+)
    0000051C 66               [ 8] 1242 	ld	h, (hl)
    0000051D 6F               [ 4] 1243 	ld	l, a
    0000051E 23               [ 8] 1244 	inc	hl
    0000051F 7D               [ 4] 1245 	ld	a, l
    00000520 02               [ 8] 1246 	ld	(bc), a
    00000521 03               [ 8] 1247 	inc	bc
    00000522 7C               [ 4] 1248 	ld	a, h
    00000523 02               [ 8] 1249 	ld	(bc), a
                                   1250 ;enemies.c:412: m_nTotalKilled += 1;
    00000524 21r03r00         [12] 1251 	ld	hl, #_m_nTotalKilled
    00000527 34               [12] 1252 	inc	(hl)
    00000528 20 02            [12] 1253 	jr	NZ, 00115$
    0000052A 23               [ 8] 1254 	inc	hl
    0000052B 34               [12] 1255 	inc	(hl)
    0000052C                       1256 00115$:
                                   1257 ;enemies.c:415: m_bShowSpray = TRUE;
    0000052C 21r10r00         [12] 1258 	ld	hl, #_m_bShowSpray
    0000052F 36 01            [12] 1259 	ld	(hl), #0x01
    00000531 18 0D            [12] 1260 	jr	00103$
    00000533                       1261 00102$:
                                   1262 ;enemies.c:422: ptrPlayer->bTakenDamage = TRUE;
    00000533 F8 05            [12] 1263 	ldhl	sp,#5
    00000535 2A               [ 8] 1264 	ld	a, (hl+)
    00000536 5F               [ 4] 1265 	ld	e, a
    00000537 56               [ 8] 1266 	ld	d, (hl)
    00000538 21 18 00         [12] 1267 	ld	hl, #0x0018
    0000053B 19               [ 8] 1268 	add	hl, de
    0000053C 4D               [ 4] 1269 	ld	c, l
    0000053D 44               [ 4] 1270 	ld	b, h
    0000053E 36 01            [12] 1271 	ld	(hl), #0x01
    00000540                       1272 00103$:
                                   1273 ;enemies.c:426: m_bPlayKillSoundEffect = TRUE;
    00000540 21r0Fr00         [12] 1274 	ld	hl, #_m_bPlayKillSoundEffect
    00000543 36 01            [12] 1275 	ld	(hl), #0x01
                                   1276 ;enemies.c:427: }
    00000545 E8 03            [16] 1277 	add	sp, #3
    00000547 E1               [12] 1278 	pop	hl
    00000548 F1               [12] 1279 	pop	af
    00000549 E9               [ 4] 1280 	jp	(hl)
                                   1281 ;enemies.c:435: void IncreaseDifficulty(UINT8 nDamgeToPlayer)
                                   1282 ;	---------------------------------
                                   1283 ; Function IncreaseDifficulty
                                   1284 ; ---------------------------------
    0000054A                       1285 _IncreaseDifficulty::
                                   1286 ;enemies.c:438: if (!m_bMaxSpeedReached)
    0000054A FAr09r00         [16] 1287 	ld	a, (#_m_bMaxSpeedReached)
    0000054D B7               [ 4] 1288 	or	a, a
    0000054E 20 6E            [12] 1289 	jr	NZ, 00118$
                                   1290 ;enemies.c:442: if (m_nTotalKilled >= m_nKillsForNextSpeed) 
    00000550 11r03r00         [12] 1291 	ld	de, #_m_nTotalKilled
    00000553 21r05r00         [12] 1292 	ld	hl, #_m_nKillsForNextSpeed
    00000556 1A               [ 8] 1293 	ld	a, (de)
    00000557 13               [ 8] 1294 	inc	de
    00000558 96               [ 8] 1295 	sub	a, (hl)
    00000559 23               [ 8] 1296 	inc	hl
    0000055A 1A               [ 8] 1297 	ld	a, (de)
    0000055B 9E               [ 8] 1298 	sbc	a, (hl)
    0000055C 38 60            [12] 1299 	jr	C, 00118$
                                   1300 ;enemies.c:444: m_nCurrentSpeed++;
    0000055E 21r02r00         [12] 1301 	ld	hl, #_m_nCurrentSpeed
    00000561 34               [12] 1302 	inc	(hl)
                                   1303 ;enemies.c:445: if (m_nCurrentSpeed == 2) m_nKillsForNextSpeed = 50;
    00000562 7E               [ 8] 1304 	ld	a, (hl)
    00000563 D6 02            [ 8] 1305 	sub	a, #0x02
    00000565 20 0A            [12] 1306 	jr	NZ, 00111$
    00000567 21r05r00         [12] 1307 	ld	hl, #_m_nKillsForNextSpeed
    0000056A 3E 32            [ 8] 1308 	ld	a, #0x32
    0000056C 22               [ 8] 1309 	ld	(hl+), a
    0000056D AF               [ 4] 1310 	xor	a, a
    0000056E 77               [ 8] 1311 	ld	(hl), a
    0000056F 18 3E            [12] 1312 	jr	00112$
    00000571                       1313 00111$:
                                   1314 ;enemies.c:446: else if (m_nCurrentSpeed == 3) m_nKillsForNextSpeed = 125;
    00000571 FAr02r00         [16] 1315 	ld	a, (#_m_nCurrentSpeed)
    00000574 D6 03            [ 8] 1316 	sub	a, #0x03
    00000576 20 0A            [12] 1317 	jr	NZ, 00108$
    00000578 21r05r00         [12] 1318 	ld	hl, #_m_nKillsForNextSpeed
    0000057B 3E 7D            [ 8] 1319 	ld	a, #0x7d
    0000057D 22               [ 8] 1320 	ld	(hl+), a
    0000057E AF               [ 4] 1321 	xor	a, a
    0000057F 77               [ 8] 1322 	ld	(hl), a
    00000580 18 2D            [12] 1323 	jr	00112$
    00000582                       1324 00108$:
                                   1325 ;enemies.c:447: else if (m_nCurrentSpeed == 4) m_nKillsForNextSpeed = 250;
    00000582 FAr02r00         [16] 1326 	ld	a, (#_m_nCurrentSpeed)
    00000585 D6 04            [ 8] 1327 	sub	a, #0x04
    00000587 20 0A            [12] 1328 	jr	NZ, 00105$
    00000589 21r05r00         [12] 1329 	ld	hl, #_m_nKillsForNextSpeed
    0000058C 3E FA            [ 8] 1330 	ld	a, #0xfa
    0000058E 22               [ 8] 1331 	ld	(hl+), a
    0000058F AF               [ 4] 1332 	xor	a, a
    00000590 77               [ 8] 1333 	ld	(hl), a
    00000591 18 1C            [12] 1334 	jr	00112$
    00000593                       1335 00105$:
                                   1336 ;enemies.c:448: else if (m_nCurrentSpeed == 5) m_nKillsForNextSpeed = 400;
    00000593 FAr02r00         [16] 1337 	ld	a, (#_m_nCurrentSpeed)
    00000596 D6 05            [ 8] 1338 	sub	a, #0x05
    00000598 20 0A            [12] 1339 	jr	NZ, 00102$
    0000059A 21r05r00         [12] 1340 	ld	hl, #_m_nKillsForNextSpeed
    0000059D 3E 90            [ 8] 1341 	ld	a, #0x90
    0000059F 22               [ 8] 1342 	ld	(hl+), a
    000005A0 36 01            [12] 1343 	ld	(hl), #0x01
    000005A2 18 0B            [12] 1344 	jr	00112$
    000005A4                       1345 00102$:
                                   1346 ;enemies.c:449: else m_nKillsForNextSpeed += 150;  // Gradual increase after
    000005A4 21r05r00         [12] 1347 	ld	hl, #_m_nKillsForNextSpeed
    000005A7 7E               [ 8] 1348 	ld	a, (hl)
    000005A8 C6 96            [ 8] 1349 	add	a, #0x96
    000005AA 22               [ 8] 1350 	ld	(hl+), a
    000005AB 7E               [ 8] 1351 	ld	a, (hl)
    000005AC CE 00            [ 8] 1352 	adc	a, #0x00
    000005AE 77               [ 8] 1353 	ld	(hl), a
    000005AF                       1354 00112$:
                                   1355 ;enemies.c:452: if (m_nCurrentSpeed >= MAX_SPEED) 
    000005AF 21r02r00         [12] 1356 	ld	hl, #_m_nCurrentSpeed
    000005B2 7E               [ 8] 1357 	ld	a, (hl)
    000005B3 D6 08            [ 8] 1358 	sub	a, #0x08
    000005B5 38 07            [12] 1359 	jr	C, 00118$
                                   1360 ;enemies.c:456: m_nCurrentSpeed = MAX_SPEED;
    000005B7 36 08            [12] 1361 	ld	(hl), #0x08
                                   1362 ;enemies.c:457: m_bMaxSpeedReached = TRUE;
    000005B9 21r09r00         [12] 1363 	ld	hl, #_m_bMaxSpeedReached
    000005BC 36 01            [12] 1364 	ld	(hl), #0x01
    000005BE                       1365 00118$:
                                   1366 ;enemies.c:463: if (!m_bMaxSpawnRateReached && m_nTotalKilled != 0 && m_nTotalKilled % m_nKillsForNextSpawnRate == 0)
    000005BE FAr0Ar00         [16] 1367 	ld	a, (#_m_bMaxSpawnRateReached)
    000005C1 B7               [ 4] 1368 	or	a, a
    000005C2 C0               [20] 1369 	ret	NZ
    000005C3 21r04r00         [12] 1370 	ld	hl, #_m_nTotalKilled + 1
    000005C6 3A               [ 8] 1371 	ld	a, (hl-)
    000005C7 B6               [ 8] 1372 	or	a, (hl)
    000005C8 C8               [20] 1373 	ret	Z
    000005C9 FAr07r00         [16] 1374 	ld	a, (_m_nKillsForNextSpawnRate)
    000005CC 4F               [ 4] 1375 	ld	c, a
    000005CD 21r08r00         [12] 1376 	ld	hl, #_m_nKillsForNextSpawnRate + 1
    000005D0 46               [ 8] 1377 	ld	b, (hl)
    000005D1 FAr03r00         [16] 1378 	ld	a, (_m_nTotalKilled)
    000005D4 5F               [ 4] 1379 	ld	e, a
    000005D5 21r04r00         [12] 1380 	ld	hl, #_m_nTotalKilled + 1
    000005D8 56               [ 8] 1381 	ld	d, (hl)
    000005D9 CDr00r00         [24] 1382 	call	__moduint
    000005DC 78               [ 4] 1383 	ld	a, b
    000005DD B1               [ 4] 1384 	or	a, c
    000005DE C0               [20] 1385 	ret	NZ
                                   1386 ;enemies.c:466: if (m_nTotalKilled != m_nLastSpawnRateKillCount) 
    000005DF FAr03r00         [16] 1387 	ld	a, (#_m_nTotalKilled)
    000005E2 21r0Br00         [12] 1388 	ld	hl, #_m_nLastSpawnRateKillCount
    000005E5 96               [ 8] 1389 	sub	a, (hl)
    000005E6 20 08            [12] 1390 	jr	NZ, 00272$
    000005E8 FAr04r00         [16] 1391 	ld	a, (#_m_nTotalKilled + 1)
    000005EB 21r0Cr00         [12] 1392 	ld	hl, #_m_nLastSpawnRateKillCount + 1
    000005EE 96               [ 8] 1393 	sub	a, (hl)
    000005EF C8               [20] 1394 	ret	Z
    000005F0                       1395 00272$:
                                   1396 ;enemies.c:469: if (m_nTotalKilled < 150) m_nSpawnDelay -= 5;
    000005F0 FAr0Er00         [16] 1397 	ld	a, (_m_nSpawnDelay)
    000005F3 4F               [ 4] 1398 	ld	c, a
    000005F4 21r03r00         [12] 1399 	ld	hl, #_m_nTotalKilled
    000005F7 2A               [ 8] 1400 	ld	a, (hl+)
    000005F8 D6 96            [ 8] 1401 	sub	a, #0x96
    000005FA 7E               [ 8] 1402 	ld	a, (hl)
    000005FB DE 00            [ 8] 1403 	sbc	a, #0x00
    000005FD 30 08            [12] 1404 	jr	NC, 00123$
    000005FF 79               [ 4] 1405 	ld	a, c
    00000600 C6 FB            [ 8] 1406 	add	a, #0xfb
    00000602 EAr0Er00         [16] 1407 	ld	(#_m_nSpawnDelay),a
    00000605 18 18            [12] 1408 	jr	00124$
    00000607                       1409 00123$:
                                   1410 ;enemies.c:470: else if (m_nTotalKilled < 300) m_nSpawnDelay -= 2;
    00000607 21r03r00         [12] 1411 	ld	hl, #_m_nTotalKilled
    0000060A 2A               [ 8] 1412 	ld	a, (hl+)
    0000060B D6 2C            [ 8] 1413 	sub	a, #0x2c
    0000060D 7E               [ 8] 1414 	ld	a, (hl)
    0000060E DE 01            [ 8] 1415 	sbc	a, #0x01
    00000610 30 08            [12] 1416 	jr	NC, 00120$
    00000612 79               [ 4] 1417 	ld	a, c
    00000613 C6 FE            [ 8] 1418 	add	a, #0xfe
    00000615 EAr0Er00         [16] 1419 	ld	(#_m_nSpawnDelay),a
    00000618 18 05            [12] 1420 	jr	00124$
    0000061A                       1421 00120$:
                                   1422 ;enemies.c:471: else m_nSpawnDelay -= 1;
    0000061A 79               [ 4] 1423 	ld	a, c
    0000061B 3D               [ 4] 1424 	dec	a
    0000061C EAr0Er00         [16] 1425 	ld	(#_m_nSpawnDelay),a
    0000061F                       1426 00124$:
                                   1427 ;enemies.c:474: if (m_nTotalKilled < 550) m_nKillsForNextSpawnRate = 15;
    0000061F 21r03r00         [12] 1428 	ld	hl, #_m_nTotalKilled
    00000622 2A               [ 8] 1429 	ld	a, (hl+)
    00000623 D6 26            [ 8] 1430 	sub	a, #0x26
    00000625 7E               [ 8] 1431 	ld	a, (hl)
    00000626 DE 02            [ 8] 1432 	sbc	a, #0x02
    00000628 30 0A            [12] 1433 	jr	NC, 00135$
    0000062A 21r07r00         [12] 1434 	ld	hl, #_m_nKillsForNextSpawnRate
    0000062D 3E 0F            [ 8] 1435 	ld	a, #0x0f
    0000062F 22               [ 8] 1436 	ld	(hl+), a
    00000630 AF               [ 4] 1437 	xor	a, a
    00000631 77               [ 8] 1438 	ld	(hl), a
    00000632 18 4E            [12] 1439 	jr	00136$
    00000634                       1440 00135$:
                                   1441 ;enemies.c:475: else if (m_nTotalKilled < 650) { m_nKillsForNextSpawnRate = 200; nDamgeToPlayer = 40; }
    00000634 21r03r00         [12] 1442 	ld	hl, #_m_nTotalKilled
    00000637 2A               [ 8] 1443 	ld	a, (hl+)
    00000638 D6 8A            [ 8] 1444 	sub	a, #0x8a
    0000063A 7E               [ 8] 1445 	ld	a, (hl)
    0000063B DE 02            [ 8] 1446 	sbc	a, #0x02
    0000063D 30 0A            [12] 1447 	jr	NC, 00132$
    0000063F 21r07r00         [12] 1448 	ld	hl, #_m_nKillsForNextSpawnRate
    00000642 3E C8            [ 8] 1449 	ld	a, #0xc8
    00000644 22               [ 8] 1450 	ld	(hl+), a
    00000645 AF               [ 4] 1451 	xor	a, a
    00000646 77               [ 8] 1452 	ld	(hl), a
    00000647 18 39            [12] 1453 	jr	00136$
    00000649                       1454 00132$:
                                   1455 ;enemies.c:476: else if (m_nTotalKilled < 950) { m_nKillsForNextSpawnRate = 400; nDamgeToPlayer = 50; }
    00000649 21r03r00         [12] 1456 	ld	hl, #_m_nTotalKilled
    0000064C 2A               [ 8] 1457 	ld	a, (hl+)
    0000064D D6 B6            [ 8] 1458 	sub	a, #0xb6
    0000064F 7E               [ 8] 1459 	ld	a, (hl)
    00000650 DE 03            [ 8] 1460 	sbc	a, #0x03
    00000652 30 0A            [12] 1461 	jr	NC, 00129$
    00000654 21r07r00         [12] 1462 	ld	hl, #_m_nKillsForNextSpawnRate
    00000657 3E 90            [ 8] 1463 	ld	a, #0x90
    00000659 22               [ 8] 1464 	ld	(hl+), a
    0000065A 36 01            [12] 1465 	ld	(hl), #0x01
    0000065C 18 24            [12] 1466 	jr	00136$
    0000065E                       1467 00129$:
                                   1468 ;enemies.c:477: else if (m_nTotalKilled < 2000) { m_nKillsForNextSpawnRate = 500; m_nCurrentSpeed = 9; }
    0000065E 21r03r00         [12] 1469 	ld	hl, #_m_nTotalKilled
    00000661 2A               [ 8] 1470 	ld	a, (hl+)
    00000662 D6 D0            [ 8] 1471 	sub	a, #0xd0
    00000664 7E               [ 8] 1472 	ld	a, (hl)
    00000665 DE 07            [ 8] 1473 	sbc	a, #0x07
    00000667 30 0F            [12] 1474 	jr	NC, 00126$
    00000669 21r07r00         [12] 1475 	ld	hl, #_m_nKillsForNextSpawnRate
    0000066C 3E F4            [ 8] 1476 	ld	a, #0xf4
    0000066E 22               [ 8] 1477 	ld	(hl+), a
    0000066F 36 01            [12] 1478 	ld	(hl), #0x01
    00000671 21r02r00         [12] 1479 	ld	hl, #_m_nCurrentSpeed
    00000674 36 09            [12] 1480 	ld	(hl), #0x09
    00000676 18 0A            [12] 1481 	jr	00136$
    00000678                       1482 00126$:
                                   1483 ;enemies.c:478: else { m_bMaxSpawnRateReached= TRUE; m_nCurrentSpeed = 10; }
    00000678 21r0Ar00         [12] 1484 	ld	hl, #_m_bMaxSpawnRateReached
    0000067B 36 01            [12] 1485 	ld	(hl), #0x01
    0000067D 21r02r00         [12] 1486 	ld	hl, #_m_nCurrentSpeed
    00000680 36 0A            [12] 1487 	ld	(hl), #0x0a
    00000682                       1488 00136$:
                                   1489 ;enemies.c:481: m_nLastSpawnRateKillCount = m_nTotalKilled;
    00000682 FAr03r00         [16] 1490 	ld	a, (#_m_nTotalKilled)
    00000685 EAr0Br00         [16] 1491 	ld	(#_m_nLastSpawnRateKillCount),a
    00000688 FAr04r00         [16] 1492 	ld	a, (#_m_nTotalKilled + 1)
    0000068B EAr0Cr00         [16] 1493 	ld	(#_m_nLastSpawnRateKillCount + 1),a
                                   1494 ;enemies.c:484: }
    0000068E C9               [16] 1495 	ret
                                   1496 ;enemies.c:495: BOOLEAN IsEnemyAlive(UINT8 nEnemyIndex) 
                                   1497 ;	---------------------------------
                                   1498 ; Function IsEnemyAlive
                                   1499 ; ---------------------------------
    0000068F                       1500 _IsEnemyAlive::
    0000068F 4F               [ 4] 1501 	ld	c, a
                                   1502 ;enemies.c:497: return m_aoEnemies[nEnemyIndex].bAlive;
    00000690 06 00            [ 8] 1503 	ld	b, #0x00
    00000692 69               [ 4] 1504 	ld	l, c
    00000693 60               [ 4] 1505 	ld	h, b
    00000694 29               [ 8] 1506 	add	hl, hl
    00000695 09               [ 8] 1507 	add	hl, bc
    00000696 29               [ 8] 1508 	add	hl, hl
    00000697 29               [ 8] 1509 	add	hl, hl
    00000698 09               [ 8] 1510 	add	hl, bc
    00000699 11r00r00         [12] 1511 	ld	de, #_m_aoEnemies
    0000069C 19               [ 8] 1512 	add	hl, de
    0000069D 23               [ 8] 1513 	inc	hl
    0000069E 23               [ 8] 1514 	inc	hl
    0000069F 23               [ 8] 1515 	inc	hl
    000006A0 7E               [ 8] 1516 	ld	a, (hl)
                                   1517 ;enemies.c:498: }
    000006A1 C9               [16] 1518 	ret
                                   1519 ;enemies.c:503: void SpawnNext(void) 
                                   1520 ;	---------------------------------
                                   1521 ; Function SpawnNext
                                   1522 ; ---------------------------------
    000006A2                       1523 _SpawnNext::
    000006A2 3B               [ 8] 1524 	dec	sp
    000006A3 3B               [ 8] 1525 	dec	sp
                                   1526 ;enemies.c:514: UINT8 nFreeSlot = MAX_ENEMIES;
    000006A4 0E 10            [ 8] 1527 	ld	c, #0x10
                                   1528 ;enemies.c:518: for (i = 0; i < MAX_ENEMIES; i++) 
    000006A6 F8 00            [12] 1529 	ldhl	sp,	#0
    000006A8 AF               [ 4] 1530 	xor	a, a
    000006A9 22               [ 8] 1531 	ld	(hl+), a
    000006AA 77               [ 8] 1532 	ld	(hl), a
    000006AB                       1533 00106$:
                                   1534 ;enemies.c:523: if (!m_aoEnemies[i].bAlive) 
    000006AB F8 01            [12] 1535 	ldhl	sp,	#1
    000006AD 5E               [ 8] 1536 	ld	e, (hl)
    000006AE 16 00            [ 8] 1537 	ld	d, #0x00
    000006B0 6B               [ 4] 1538 	ld	l, e
    000006B1 62               [ 4] 1539 	ld	h, d
    000006B2 29               [ 8] 1540 	add	hl, hl
    000006B3 19               [ 8] 1541 	add	hl, de
    000006B4 29               [ 8] 1542 	add	hl, hl
    000006B5 29               [ 8] 1543 	add	hl, hl
    000006B6 19               [ 8] 1544 	add	hl, de
    000006B7 11r00r00         [12] 1545 	ld	de, #_m_aoEnemies
    000006BA 19               [ 8] 1546 	add	hl, de
    000006BB 23               [ 8] 1547 	inc	hl
    000006BC 23               [ 8] 1548 	inc	hl
    000006BD 23               [ 8] 1549 	inc	hl
    000006BE 7E               [ 8] 1550 	ld	a, (hl)
    000006BF B7               [ 4] 1551 	or	a, a
    000006C0 20 05            [12] 1552 	jr	NZ, 00107$
                                   1553 ;enemies.c:525: nFreeSlot = i;
    000006C2 F8 00            [12] 1554 	ldhl	sp,	#0
    000006C4 4E               [ 8] 1555 	ld	c, (hl)
                                   1556 ;enemies.c:526: break;
    000006C5 18 0A            [12] 1557 	jr	00103$
    000006C7                       1558 00107$:
                                   1559 ;enemies.c:518: for (i = 0; i < MAX_ENEMIES; i++) 
    000006C7 F8 01            [12] 1560 	ldhl	sp,	#1
    000006C9 34               [12] 1561 	inc	(hl)
    000006CA 3A               [ 8] 1562 	ld	a, (hl-)
    000006CB 22               [ 8] 1563 	ld	(hl+), a
    000006CC 7E               [ 8] 1564 	ld	a, (hl)
    000006CD D6 10            [ 8] 1565 	sub	a, #0x10
    000006CF 38 DA            [12] 1566 	jr	C, 00106$
    000006D1                       1567 00103$:
                                   1568 ;enemies.c:532: if (nFreeSlot == MAX_ENEMIES) return;
    000006D1 79               [ 4] 1569 	ld	a, c
    000006D2 D6 10            [ 8] 1570 	sub	a, #0x10
    000006D4 28 0C            [12] 1571 	jr	Z, 00108$
                                   1572 ;enemies.c:535: nSpawnIndex = GetNextSpawnIndex();
    000006D6 C5               [16] 1573 	push	bc
    000006D7 CDrA4r00         [24] 1574 	call	_GetNextSpawnIndex
    000006DA C1               [12] 1575 	pop	bc
                                   1576 ;enemies.c:538: SpawnEnemy(nFreeSlot, nSpawnIndex);
    000006DB 5F               [ 4] 1577 	ld	e, a
    000006DC 79               [ 4] 1578 	ld	a, c
    000006DD 33               [ 8] 1579 	inc	sp
    000006DE 33               [ 8] 1580 	inc	sp
    000006DF C3r07r01         [16] 1581 	jp	_SpawnEnemy
    000006E2                       1582 00108$:
                                   1583 ;enemies.c:539: }
    000006E2 33               [ 8] 1584 	inc	sp
    000006E3 33               [ 8] 1585 	inc	sp
    000006E4 C9               [16] 1586 	ret
                                   1587 ;enemies.c:544: void TickSpawnTimer(void) 
                                   1588 ;	---------------------------------
                                   1589 ; Function TickSpawnTimer
                                   1590 ; ---------------------------------
    000006E5                       1591 _TickSpawnTimer::
                                   1592 ;enemies.c:546: if (m_nSpawnTimer > 0) 
    000006E5 21r0Dr00         [12] 1593 	ld	hl, #_m_nSpawnTimer
    000006E8 7E               [ 8] 1594 	ld	a, (hl)
    000006E9 B7               [ 4] 1595 	or	a, a
    000006EA C8               [20] 1596 	ret	Z
                                   1597 ;enemies.c:548: m_nSpawnTimer--;
    000006EB 35               [12] 1598 	dec	(hl)
                                   1599 ;enemies.c:550: }
    000006EC C9               [16] 1600 	ret
                                   1601 	.area _CODE
                                   1602 	.area _INITIALIZER
    00000000                       1603 __xinit__m_nNextSpriteID:
    00000000 07                    1604 	.db #0x07	; 7
    00000001                       1605 __xinit__m_nSpawnQueuePos:
    00000001 00                    1606 	.db #0x00	; 0
    00000002                       1607 __xinit__m_nCurrentSpeed:
    00000002 01                    1608 	.db #0x01	; 1
    00000003                       1609 __xinit__m_nTotalKilled:
    00000003 00 00                 1610 	.dw #0x0000
    00000005                       1611 __xinit__m_nKillsForNextSpeed:
    00000005 0F 00                 1612 	.dw #0x000f
    00000007                       1613 __xinit__m_nKillsForNextSpawnRate:
    00000007 0F 00                 1614 	.dw #0x000f
    00000009                       1615 __xinit__m_bMaxSpeedReached:
    00000009 00                    1616 	.db #0x00	;  0
    0000000A                       1617 __xinit__m_bMaxSpawnRateReached:
    0000000A 00                    1618 	.db #0x00	;  0
    0000000B                       1619 __xinit__m_nLastSpawnRateKillCount:
    0000000B 00 00                 1620 	.dw #0x0000
    0000000D                       1621 __xinit__m_nSpawnTimer:
    0000000D 00                    1622 	.db #0x00	; 0
    0000000E                       1623 __xinit__m_nSpawnDelay:
    0000000E 64                    1624 	.db #0x64	; 100	'd'
    0000000F                       1625 __xinit__m_bPlayKillSoundEffect:
    0000000F 00                    1626 	.db #0x00	;  0
    00000010                       1627 __xinit__m_bShowSpray:
    00000010 00                    1628 	.db #0x00	;  0
                                   1629 	.area _CABS (ABS)
