                              1 ;--------------------------------------------------------
                              2 ; File Created by SDCC : FreeWare ANSI-C Compiler
                              3 ; Version 2.2.1 Tue Dec 02 13:43:48 2025
                              4 
                              5 ;--------------------------------------------------------
                              6 	.module lcc327720
                              7 	
                              8 ;--------------------------------------------------------
                              9 ; Public variables in this module
                             10 ;--------------------------------------------------------
                             11 	.globl _SetScore
                             12 	.globl _SetHealth
                             13 	.globl _set_bkg_tiles
                             14 	.globl _SetScore
                             15 	.globl _SetHealth
                             16 	.globl _InitHud
                             17 ;--------------------------------------------------------
                             18 ; Externals used
                             19 ;--------------------------------------------------------
                             20 	.globl _IE_REG
                             21 	.globl _SVBK_REG
                             22 	.globl _OCPD_REG
                             23 	.globl _OCPS_REG
                             24 	.globl _BCPD_REG
                             25 	.globl _BCPS_REG
                             26 	.globl _RP_REG
                             27 	.globl _HDMA5_REG
                             28 	.globl _HDMA4_REG
                             29 	.globl _HDMA3_REG
                             30 	.globl _HDMA2_REG
                             31 	.globl _HDMA1_REG
                             32 	.globl _VBK_REG
                             33 	.globl _KEY1_REG
                             34 	.globl _WX_REG
                             35 	.globl _WY_REG
                             36 	.globl _OBP1_REG
                             37 	.globl _OBP0_REG
                             38 	.globl _BGP_REG
                             39 	.globl _DMA_REG
                             40 	.globl _LYC_REG
                             41 	.globl _LY_REG
                             42 	.globl _SCX_REG
                             43 	.globl _SCY_REG
                             44 	.globl _STAT_REG
                             45 	.globl _LCDC_REG
                             46 	.globl _NR52_REG
                             47 	.globl _NR51_REG
                             48 	.globl _NR50_REG
                             49 	.globl _NR44_REG
                             50 	.globl _NR43_REG
                             51 	.globl _NR42_REG
                             52 	.globl _NR41_REG
                             53 	.globl _NR34_REG
                             54 	.globl _NR33_REG
                             55 	.globl _NR32_REG
                             56 	.globl _NR31_REG
                             57 	.globl _NR30_REG
                             58 	.globl _NR24_REG
                             59 	.globl _NR23_REG
                             60 	.globl _NR22_REG
                             61 	.globl _NR21_REG
                             62 	.globl _NR14_REG
                             63 	.globl _NR13_REG
                             64 	.globl _NR12_REG
                             65 	.globl _NR11_REG
                             66 	.globl _NR10_REG
                             67 	.globl _IF_REG
                             68 	.globl _TAC_REG
                             69 	.globl _TMA_REG
                             70 	.globl _TIMA_REG
                             71 	.globl _DIV_REG
                             72 	.globl _SC_REG
                             73 	.globl _SB_REG
                             74 	.globl _P1_REG
                             75 	.globl __io_out
                             76 	.globl __io_in
                             77 	.globl __io_status
                             78 	.globl _sys_time
                             79 	.globl __cpu
                             80 ;--------------------------------------------------------
                             81 ; special function registers
                             82 ;--------------------------------------------------------
                             83 ;--------------------------------------------------------
                             84 ; special function bits 
                             85 ;--------------------------------------------------------
                             86 ;--------------------------------------------------------
                             87 ; internal ram data
                             88 ;--------------------------------------------------------
                             89 	.area _DATA
   0000                      90 _m_nCurrentHealth:
   0000                      91 	.ds 2
                             92 ;--------------------------------------------------------
                             93 ; overlayable items in internal ram 
                             94 ;--------------------------------------------------------
                             95 	.area _OVERLAY
                             96 ;--------------------------------------------------------
                             97 ; indirectly addressable internal ram data
                             98 ;--------------------------------------------------------
                             99 	.area _ISEG
                            100 ;--------------------------------------------------------
                            101 ; bit data
                            102 ;--------------------------------------------------------
                            103 	.area _BSEG
                            104 ;--------------------------------------------------------
                            105 ; external ram data
                            106 ;--------------------------------------------------------
                            107 	.area _XSEG
                            108 ;--------------------------------------------------------
                            109 ; global & static initialisations
                            110 ;--------------------------------------------------------
                            111 	.area _GSINIT
                            112 	.area _GSFINAL
                            113 	.area _GSINIT
                            114 ;	hud.c 95
                            115 ; genAssign
                            116 ; AOP_HL for _m_nCurrentHealth
   0000 21 00 00            117 	ld	hl,#_m_nCurrentHealth + 0
   0003 36 E7               118 	ld	(hl),#0xE7
   0005 23                  119 	inc	hl
   0006 36 03               120 	ld	(hl),#0x03
                            121 ;--------------------------------------------------------
                            122 ; Home
                            123 ;--------------------------------------------------------
                            124 	.area _HOME
                            125 	.area _CODE
                            126 ;--------------------------------------------------------
                            127 ; code
                            128 ;--------------------------------------------------------
                            129 	.area _CODE
                            130 ;	hud.c 31
                            131 ; genLabel
                            132 ; genFunction
                            133 ;	---------------------------------
                            134 ; Function InitHud
                            135 ; ---------------------------------
   0000                     136 ___InitHud_start:
   0000                     137 _InitHud:
                            138 	
                            139 ;	hud.c 34
                            140 ; genAssign
                            141 ; AOP_HL for _m_nCurrentHealth
   0000 21 00 00            142 	ld	hl,#_m_nCurrentHealth + 0
   0003 36 E7               143 	ld	(hl),#0xE7
   0005 23                  144 	inc	hl
   0006 36 03               145 	ld	(hl),#0x03
                            146 ;	hud.c 35
                            147 ; genIpush
   0008 21 E7 03            148 	ld	hl,#0x03E7
   000B E5                  149 	push	hl
                            150 ; genCall
   000C CD 1B 00            151 	call	_SetHealth
   000F E8 02               152 	lda	sp,2(sp)
                            153 ;	hud.c 36
                            154 ; genIpush
   0011 21 00 00            155 	ld	hl,#0x0000
   0014 E5                  156 	push	hl
                            157 ; genCall
   0015 CD BB 00            158 	call	_SetScore
   0018 E8 02               159 	lda	sp,2(sp)
                            160 ; genLabel
   001A                     161 00101$:
                            162 ; genEndFunction
                            163 	
   001A C9                  164 	ret
   001B                     165 ___InitHud_end:
                            166 ;	hud.c 45
                            167 ; genLabel
                            168 ; genFunction
                            169 ;	---------------------------------
                            170 ; Function SetHealth
                            171 ; ---------------------------------
   001B                     172 ___SetHealth_start:
   001B                     173 _SetHealth:
   001B C5                  174 	push	bc
   001C E8 F7               175 	lda	sp,-9(sp)
                            176 ;	hud.c 48
                            177 ; genIpush
   001E 21 0A 00            178 	ld	hl,#0x000A
   0021 E5                  179 	push	hl
                            180 ; genIpush
                            181 ; AOP_STK for 
   0022 F8 0F               182 	lda	hl,15(sp)
   0024 2A                  183 	ld	a,(hl+)
   0025 66                  184 	ld	h,(hl)
   0026 6F                  185 	ld	l,a
   0027 E5                  186 	push	hl
                            187 ; genCall
   0028 CD 00 00            188 	call	__divuint
   002B 42                  189 	ld	b,d
   002C 4B                  190 	ld	c,e
   002D E8 04               191 	lda	sp,4(sp)
                            192 ; genIpush
   002F 21 0A 00            193 	ld	hl,#0x000A
   0032 E5                  194 	push	hl
                            195 ; genIpush
   0033 C5                  196 	push	bc
                            197 ; genCall
   0034 CD 00 00            198 	call	__moduint
   0037 42                  199 	ld	b,d
   0038 4B                  200 	ld	c,e
   0039 E8 04               201 	lda	sp,4(sp)
                            202 ; genCast
                            203 ; AOP_STK for _SetHealth_tens_1_1
   003B F8 08               204 	lda	hl,8(sp)
   003D 71                  205 	ld	(hl),c
                            206 ;	hud.c 49
                            207 ; genIpush
   003E 21 0A 00            208 	ld	hl,#0x000A
   0041 E5                  209 	push	hl
                            210 ; genIpush
                            211 ; AOP_STK for 
   0042 F8 0F               212 	lda	hl,15(sp)
   0044 2A                  213 	ld	a,(hl+)
   0045 66                  214 	ld	h,(hl)
   0046 6F                  215 	ld	l,a
   0047 E5                  216 	push	hl
                            217 ; genCall
   0048 CD 00 00            218 	call	__moduint
                            219 ; AOP_STK for _SetHealth_sloc0_1_0
   004B F8 05               220 	lda	hl,5(sp)
   004D 72                  221 	ld	(hl),d
   004E 2B                  222 	dec	hl
   004F 73                  223 	ld	(hl),e
   0050 E8 04               224 	lda	sp,4(sp)
                            225 ; genCast
                            226 ; AOP_STK for _SetHealth_sloc0_1_0
                            227 ; AOP_STK for _SetHealth_ones_1_1
   0052 7E                  228 	ld	a,(hl)
   0053 F8 07               229 	lda	hl,7(sp)
   0055 77                  230 	ld	(hl),a
                            231 ;	hud.c 55
                            232 ; genAddrOf
                            233 ; AOP_STK for _SetHealth_sloc0_1_0
   0056 F8 02               234 	lda	hl,2(sp)
   0058 54                  235 	ld	d,h
   0059 5D                  236 	ld	e,l
   005A F8 00               237 	lda	hl,0(sp)
   005C 73                  238 	ld	(hl),e
   005D 23                  239 	inc	hl
   005E 72                  240 	ld	(hl),d
                            241 ; genAssign (pointer)
                            242 ; AOP_STK for _SetHealth_sloc0_1_0
   005F 2B                  243 	dec	hl
   0060 5E                  244 	ld	e,(hl)
   0061 23                  245 	inc	hl
   0062 56                  246 	ld	d,(hl)
   0063 3E 54               247 	ld	a,#0x54
   0065 12                  248 	ld	(de),a
                            249 ;	hud.c 56
                            250 ; genPlus
                            251 ; AOP_STK for _SetHealth_sloc0_1_0
                            252 ; genPlusIncr
   0066 2B                  253 	dec	hl
   0067 5E                  254 	ld	e,(hl)
   0068 23                  255 	inc	hl
   0069 56                  256 	ld	d,(hl)
   006A 13                  257 	inc	de
                            258 ; genAssign (pointer)
   006B 3E 55               259 	ld	a,#0x55
   006D 12                  260 	ld	(de),a
                            261 ;	hud.c 57
                            262 ; genPlus
                            263 ; AOP_STK for _SetHealth_sloc0_1_0
                            264 ; genPlusIncr
   006E 2B                  265 	dec	hl
   006F 5E                  266 	ld	e,(hl)
   0070 23                  267 	inc	hl
   0071 56                  268 	ld	d,(hl)
   0072 13                  269 	inc	de
   0073 13                  270 	inc	de
                            271 ; genAssign (pointer)
   0074 3E 56               272 	ld	a,#0x56
   0076 12                  273 	ld	(de),a
                            274 ;	hud.c 58
                            275 ; genPlus
                            276 ; AOP_STK for _SetHealth_sloc0_1_0
                            277 ; genPlusIncr
                            278 ;	genPlusIncr failed
   0077 2B                  279 	dec	hl
   0078 5E                  280 	ld	e,(hl)
   0079 23                  281 	inc	hl
   007A 56                  282 	ld	d,(hl)
   007B 21 03 00            283 	ld	hl,#0x0003
   007E 19                  284 	add	hl,de
   007F 5D                  285 	ld	e,l
   0080 54                  286 	ld	d,h
                            287 ; genPlus
                            288 ; AOP_STK for _SetHealth_tens_1_1
                            289 ; genPlusIncr
                            290 ;	genPlusIncr failed
   0081 F8 08               291 	lda	hl,8(sp)
   0083 7E                  292 	ld	a,(hl)
   0084 C6 4A               293 	add	a,#0x4A
   0086 4F                  294 	ld	c,a
                            295 ; genAssign (pointer)
   0087 79                  296 	ld	a,c
   0088 12                  297 	ld	(de),a
                            298 ;	hud.c 59
                            299 ; genPlus
                            300 ; AOP_STK for _SetHealth_sloc0_1_0
                            301 ; genPlusIncr
                            302 ;	genPlusIncr failed
   0089 F8 00               303 	lda	hl,0(sp)
   008B 5E                  304 	ld	e,(hl)
   008C 23                  305 	inc	hl
   008D 56                  306 	ld	d,(hl)
   008E 21 04 00            307 	ld	hl,#0x0004
   0091 19                  308 	add	hl,de
   0092 5D                  309 	ld	e,l
   0093 54                  310 	ld	d,h
                            311 ; genPlus
                            312 ; AOP_STK for _SetHealth_ones_1_1
                            313 ; genPlusIncr
                            314 ;	genPlusIncr failed
   0094 F8 07               315 	lda	hl,7(sp)
   0096 7E                  316 	ld	a,(hl)
   0097 C6 4A               317 	add	a,#0x4A
   0099 4F                  318 	ld	c,a
                            319 ; genAssign (pointer)
   009A 79                  320 	ld	a,c
   009B 12                  321 	ld	(de),a
                            322 ;	hud.c 62
                            323 ; genIpush
                            324 ; AOP_STK for _SetHealth_sloc0_1_0
   009C F8 00               325 	lda	hl,0(sp)
   009E 2A                  326 	ld	a,(hl+)
   009F 66                  327 	ld	h,(hl)
   00A0 6F                  328 	ld	l,a
   00A1 E5                  329 	push	hl
                            330 ; genIpush
   00A2 3E 01               331 	ld	a,#0x01
   00A4 F5                  332 	push	af
   00A5 33                  333 	inc	sp
                            334 ; genIpush
   00A6 3E 05               335 	ld	a,#0x05
   00A8 F5                  336 	push	af
   00A9 33                  337 	inc	sp
                            338 ; genIpush
   00AA 3E 11               339 	ld	a,#0x11
   00AC F5                  340 	push	af
   00AD 33                  341 	inc	sp
                            342 ; genIpush
   00AE 3E 01               343 	ld	a,#0x01
   00B0 F5                  344 	push	af
   00B1 33                  345 	inc	sp
                            346 ; genCall
   00B2 CD 00 00            347 	call	_set_bkg_tiles
   00B5 E8 06               348 	lda	sp,6(sp)
                            349 ; genLabel
   00B7                     350 00101$:
                            351 ; genEndFunction
   00B7 E8 09               352 	lda	sp,9(sp)
   00B9 C1                  353 	pop	bc
   00BA C9                  354 	ret
   00BB                     355 ___SetHealth_end:
                            356 ;	hud.c 71
                            357 ; genLabel
                            358 ; genFunction
                            359 ;	---------------------------------
                            360 ; Function SetScore
                            361 ; ---------------------------------
   00BB                     362 ___SetScore_start:
   00BB                     363 _SetScore:
   00BB C5                  364 	push	bc
   00BC E8 F0               365 	lda	sp,-16(sp)
                            366 ;	hud.c 74
                            367 ; genIpush
   00BE 21 E8 03            368 	ld	hl,#0x03E8
   00C1 E5                  369 	push	hl
                            370 ; genIpush
                            371 ; AOP_STK for 
   00C2 F8 16               372 	lda	hl,22(sp)
   00C4 2A                  373 	ld	a,(hl+)
   00C5 66                  374 	ld	h,(hl)
   00C6 6F                  375 	ld	l,a
   00C7 E5                  376 	push	hl
                            377 ; genCall
   00C8 CD 00 00            378 	call	__divuint
   00CB 42                  379 	ld	b,d
   00CC 4B                  380 	ld	c,e
   00CD E8 04               381 	lda	sp,4(sp)
                            382 ; genIpush
   00CF 21 0A 00            383 	ld	hl,#0x000A
   00D2 E5                  384 	push	hl
                            385 ; genIpush
   00D3 C5                  386 	push	bc
                            387 ; genCall
   00D4 CD 00 00            388 	call	__moduint
   00D7 42                  389 	ld	b,d
   00D8 4B                  390 	ld	c,e
   00D9 E8 04               391 	lda	sp,4(sp)
                            392 ; genCast
                            393 ; AOP_STK for _SetScore_thousands_1_1
   00DB F8 0F               394 	lda	hl,15(sp)
   00DD 71                  395 	ld	(hl),c
                            396 ;	hud.c 75
                            397 ; genIpush
   00DE 21 64 00            398 	ld	hl,#0x0064
   00E1 E5                  399 	push	hl
                            400 ; genIpush
                            401 ; AOP_STK for 
   00E2 F8 16               402 	lda	hl,22(sp)
   00E4 2A                  403 	ld	a,(hl+)
   00E5 66                  404 	ld	h,(hl)
   00E6 6F                  405 	ld	l,a
   00E7 E5                  406 	push	hl
                            407 ; genCall
   00E8 CD 00 00            408 	call	__divuint
                            409 ; AOP_STK for _SetScore_sloc0_1_0
   00EB F8 05               410 	lda	hl,5(sp)
   00ED 72                  411 	ld	(hl),d
   00EE 2B                  412 	dec	hl
   00EF 73                  413 	ld	(hl),e
   00F0 E8 04               414 	lda	sp,4(sp)
                            415 ; genIpush
   00F2 21 0A 00            416 	ld	hl,#0x000A
   00F5 E5                  417 	push	hl
                            418 ; genIpush
                            419 ; AOP_STK for _SetScore_sloc0_1_0
   00F6 F8 02               420 	lda	hl,2(sp)
   00F8 2A                  421 	ld	a,(hl+)
   00F9 66                  422 	ld	h,(hl)
   00FA 6F                  423 	ld	l,a
   00FB E5                  424 	push	hl
                            425 ; genCall
   00FC CD 00 00            426 	call	__moduint
                            427 ; AOP_STK for _SetScore_sloc0_1_0
   00FF F8 05               428 	lda	hl,5(sp)
   0101 72                  429 	ld	(hl),d
   0102 2B                  430 	dec	hl
   0103 73                  431 	ld	(hl),e
   0104 E8 04               432 	lda	sp,4(sp)
                            433 ; genCast
                            434 ; AOP_STK for _SetScore_sloc0_1_0
                            435 ; AOP_STK for _SetScore_hundreds_1_1
   0106 7E                  436 	ld	a,(hl)
   0107 F8 0E               437 	lda	hl,14(sp)
   0109 77                  438 	ld	(hl),a
                            439 ;	hud.c 76
                            440 ; genIpush
   010A 21 0A 00            441 	ld	hl,#0x000A
   010D E5                  442 	push	hl
                            443 ; genIpush
                            444 ; AOP_STK for 
   010E F8 16               445 	lda	hl,22(sp)
   0110 2A                  446 	ld	a,(hl+)
   0111 66                  447 	ld	h,(hl)
   0112 6F                  448 	ld	l,a
   0113 E5                  449 	push	hl
                            450 ; genCall
   0114 CD 00 00            451 	call	__divuint
                            452 ; AOP_STK for _SetScore_sloc0_1_0
   0117 F8 05               453 	lda	hl,5(sp)
   0119 72                  454 	ld	(hl),d
   011A 2B                  455 	dec	hl
   011B 73                  456 	ld	(hl),e
   011C E8 04               457 	lda	sp,4(sp)
                            458 ; genIpush
   011E 21 0A 00            459 	ld	hl,#0x000A
   0121 E5                  460 	push	hl
                            461 ; genIpush
                            462 ; AOP_STK for _SetScore_sloc0_1_0
   0122 F8 02               463 	lda	hl,2(sp)
   0124 2A                  464 	ld	a,(hl+)
   0125 66                  465 	ld	h,(hl)
   0126 6F                  466 	ld	l,a
   0127 E5                  467 	push	hl
                            468 ; genCall
   0128 CD 00 00            469 	call	__moduint
                            470 ; AOP_STK for _SetScore_sloc0_1_0
   012B F8 05               471 	lda	hl,5(sp)
   012D 72                  472 	ld	(hl),d
   012E 2B                  473 	dec	hl
   012F 73                  474 	ld	(hl),e
   0130 E8 04               475 	lda	sp,4(sp)
                            476 ; genCast
                            477 ; AOP_STK for _SetScore_sloc0_1_0
                            478 ; AOP_STK for _SetScore_tens_1_1
   0132 7E                  479 	ld	a,(hl)
   0133 F8 0D               480 	lda	hl,13(sp)
   0135 77                  481 	ld	(hl),a
                            482 ;	hud.c 77
                            483 ; genIpush
   0136 21 0A 00            484 	ld	hl,#0x000A
   0139 E5                  485 	push	hl
                            486 ; genIpush
                            487 ; AOP_STK for 
   013A F8 16               488 	lda	hl,22(sp)
   013C 2A                  489 	ld	a,(hl+)
   013D 66                  490 	ld	h,(hl)
   013E 6F                  491 	ld	l,a
   013F E5                  492 	push	hl
                            493 ; genCall
   0140 CD 00 00            494 	call	__moduint
                            495 ; AOP_STK for _SetScore_sloc0_1_0
   0143 F8 05               496 	lda	hl,5(sp)
   0145 72                  497 	ld	(hl),d
   0146 2B                  498 	dec	hl
   0147 73                  499 	ld	(hl),e
   0148 E8 04               500 	lda	sp,4(sp)
                            501 ; genCast
                            502 ; AOP_STK for _SetScore_sloc0_1_0
                            503 ; AOP_STK for _SetScore_ones_1_1
   014A 7E                  504 	ld	a,(hl)
   014B F8 0C               505 	lda	hl,12(sp)
   014D 77                  506 	ld	(hl),a
                            507 ;	hud.c 81
                            508 ; genAddrOf
                            509 ; AOP_STK for _SetScore_sloc0_1_0
   014E F8 02               510 	lda	hl,2(sp)
   0150 54                  511 	ld	d,h
   0151 5D                  512 	ld	e,l
   0152 F8 00               513 	lda	hl,0(sp)
   0154 73                  514 	ld	(hl),e
   0155 23                  515 	inc	hl
   0156 72                  516 	ld	(hl),d
                            517 ; genAssign (pointer)
                            518 ; AOP_STK for _SetScore_sloc0_1_0
   0157 2B                  519 	dec	hl
   0158 5E                  520 	ld	e,(hl)
   0159 23                  521 	inc	hl
   015A 56                  522 	ld	d,(hl)
   015B 3E 57               523 	ld	a,#0x57
   015D 12                  524 	ld	(de),a
                            525 ;	hud.c 82
                            526 ; genPlus
                            527 ; AOP_STK for _SetScore_sloc0_1_0
                            528 ; genPlusIncr
   015E 2B                  529 	dec	hl
   015F 5E                  530 	ld	e,(hl)
   0160 23                  531 	inc	hl
   0161 56                  532 	ld	d,(hl)
   0162 13                  533 	inc	de
                            534 ; genAssign (pointer)
   0163 3E 58               535 	ld	a,#0x58
   0165 12                  536 	ld	(de),a
                            537 ;	hud.c 83
                            538 ; genPlus
                            539 ; AOP_STK for _SetScore_sloc0_1_0
                            540 ; genPlusIncr
   0166 2B                  541 	dec	hl
   0167 5E                  542 	ld	e,(hl)
   0168 23                  543 	inc	hl
   0169 56                  544 	ld	d,(hl)
   016A 13                  545 	inc	de
   016B 13                  546 	inc	de
                            547 ; genAssign (pointer)
   016C 3E 59               548 	ld	a,#0x59
   016E 12                  549 	ld	(de),a
                            550 ;	hud.c 84
                            551 ; genPlus
                            552 ; AOP_STK for _SetScore_sloc0_1_0
                            553 ; genPlusIncr
                            554 ;	genPlusIncr failed
   016F 2B                  555 	dec	hl
   0170 5E                  556 	ld	e,(hl)
   0171 23                  557 	inc	hl
   0172 56                  558 	ld	d,(hl)
   0173 21 03 00            559 	ld	hl,#0x0003
   0176 19                  560 	add	hl,de
   0177 5D                  561 	ld	e,l
   0178 54                  562 	ld	d,h
                            563 ; genAssign (pointer)
   0179 3E 5A               564 	ld	a,#0x5A
   017B 12                  565 	ld	(de),a
                            566 ;	hud.c 85
                            567 ; genPlus
                            568 ; AOP_STK for _SetScore_sloc0_1_0
                            569 ; genPlusIncr
                            570 ;	genPlusIncr failed
   017C F8 00               571 	lda	hl,0(sp)
   017E 5E                  572 	ld	e,(hl)
   017F 23                  573 	inc	hl
   0180 56                  574 	ld	d,(hl)
   0181 21 04 00            575 	ld	hl,#0x0004
   0184 19                  576 	add	hl,de
   0185 5D                  577 	ld	e,l
   0186 54                  578 	ld	d,h
                            579 ; genAssign (pointer)
   0187 3E 5B               580 	ld	a,#0x5B
   0189 12                  581 	ld	(de),a
                            582 ;	hud.c 86
                            583 ; genPlus
                            584 ; AOP_STK for _SetScore_sloc0_1_0
                            585 ; genPlusIncr
                            586 ;	genPlusIncr failed
   018A F8 00               587 	lda	hl,0(sp)
   018C 5E                  588 	ld	e,(hl)
   018D 23                  589 	inc	hl
   018E 56                  590 	ld	d,(hl)
   018F 21 05 00            591 	ld	hl,#0x0005
   0192 19                  592 	add	hl,de
   0193 5D                  593 	ld	e,l
   0194 54                  594 	ld	d,h
                            595 ; genAssign (pointer)
   0195 3E 56               596 	ld	a,#0x56
   0197 12                  597 	ld	(de),a
                            598 ;	hud.c 87
                            599 ; genPlus
                            600 ; AOP_STK for _SetScore_sloc0_1_0
                            601 ; genPlusIncr
                            602 ;	genPlusIncr failed
   0198 F8 00               603 	lda	hl,0(sp)
   019A 5E                  604 	ld	e,(hl)
   019B 23                  605 	inc	hl
   019C 56                  606 	ld	d,(hl)
   019D 21 06 00            607 	ld	hl,#0x0006
   01A0 19                  608 	add	hl,de
   01A1 5D                  609 	ld	e,l
   01A2 54                  610 	ld	d,h
                            611 ; genPlus
                            612 ; AOP_STK for _SetScore_thousands_1_1
                            613 ; genPlusIncr
                            614 ;	genPlusIncr failed
   01A3 F8 0F               615 	lda	hl,15(sp)
   01A5 7E                  616 	ld	a,(hl)
   01A6 C6 4A               617 	add	a,#0x4A
   01A8 4F                  618 	ld	c,a
                            619 ; genAssign (pointer)
   01A9 79                  620 	ld	a,c
   01AA 12                  621 	ld	(de),a
                            622 ;	hud.c 88
                            623 ; genPlus
                            624 ; AOP_STK for _SetScore_sloc0_1_0
                            625 ; genPlusIncr
                            626 ;	genPlusIncr failed
   01AB F8 00               627 	lda	hl,0(sp)
   01AD 5E                  628 	ld	e,(hl)
   01AE 23                  629 	inc	hl
   01AF 56                  630 	ld	d,(hl)
   01B0 21 07 00            631 	ld	hl,#0x0007
   01B3 19                  632 	add	hl,de
   01B4 5D                  633 	ld	e,l
   01B5 54                  634 	ld	d,h
                            635 ; genPlus
                            636 ; AOP_STK for _SetScore_hundreds_1_1
                            637 ; genPlusIncr
                            638 ;	genPlusIncr failed
   01B6 F8 0E               639 	lda	hl,14(sp)
   01B8 7E                  640 	ld	a,(hl)
   01B9 C6 4A               641 	add	a,#0x4A
   01BB 4F                  642 	ld	c,a
                            643 ; genAssign (pointer)
   01BC 79                  644 	ld	a,c
   01BD 12                  645 	ld	(de),a
                            646 ;	hud.c 89
                            647 ; genPlus
                            648 ; AOP_STK for _SetScore_sloc0_1_0
                            649 ; genPlusIncr
                            650 ;	genPlusIncr failed
   01BE F8 00               651 	lda	hl,0(sp)
   01C0 5E                  652 	ld	e,(hl)
   01C1 23                  653 	inc	hl
   01C2 56                  654 	ld	d,(hl)
   01C3 21 08 00            655 	ld	hl,#0x0008
   01C6 19                  656 	add	hl,de
   01C7 5D                  657 	ld	e,l
   01C8 54                  658 	ld	d,h
                            659 ; genPlus
                            660 ; AOP_STK for _SetScore_tens_1_1
                            661 ; genPlusIncr
                            662 ;	genPlusIncr failed
   01C9 F8 0D               663 	lda	hl,13(sp)
   01CB 7E                  664 	ld	a,(hl)
   01CC C6 4A               665 	add	a,#0x4A
   01CE 4F                  666 	ld	c,a
                            667 ; genAssign (pointer)
   01CF 79                  668 	ld	a,c
   01D0 12                  669 	ld	(de),a
                            670 ;	hud.c 90
                            671 ; genPlus
                            672 ; AOP_STK for _SetScore_sloc0_1_0
                            673 ; genPlusIncr
                            674 ;	genPlusIncr failed
   01D1 F8 00               675 	lda	hl,0(sp)
   01D3 5E                  676 	ld	e,(hl)
   01D4 23                  677 	inc	hl
   01D5 56                  678 	ld	d,(hl)
   01D6 21 09 00            679 	ld	hl,#0x0009
   01D9 19                  680 	add	hl,de
   01DA 5D                  681 	ld	e,l
   01DB 54                  682 	ld	d,h
                            683 ; genPlus
                            684 ; AOP_STK for _SetScore_ones_1_1
                            685 ; genPlusIncr
                            686 ;	genPlusIncr failed
   01DC F8 0C               687 	lda	hl,12(sp)
   01DE 7E                  688 	ld	a,(hl)
   01DF C6 4A               689 	add	a,#0x4A
   01E1 4F                  690 	ld	c,a
                            691 ; genAssign (pointer)
   01E2 79                  692 	ld	a,c
   01E3 12                  693 	ld	(de),a
                            694 ;	hud.c 93
                            695 ; genIpush
                            696 ; AOP_STK for _SetScore_sloc0_1_0
   01E4 F8 00               697 	lda	hl,0(sp)
   01E6 2A                  698 	ld	a,(hl+)
   01E7 66                  699 	ld	h,(hl)
   01E8 6F                  700 	ld	l,a
   01E9 E5                  701 	push	hl
                            702 ; genIpush
   01EA 3E 01               703 	ld	a,#0x01
   01EC F5                  704 	push	af
   01ED 33                  705 	inc	sp
                            706 ; genIpush
   01EE 3E 0A               707 	ld	a,#0x0A
   01F0 F5                  708 	push	af
   01F1 33                  709 	inc	sp
                            710 ; genIpush
   01F2 3E 11               711 	ld	a,#0x11
   01F4 F5                  712 	push	af
   01F5 33                  713 	inc	sp
                            714 ; genIpush
   01F6 3E 09               715 	ld	a,#0x09
   01F8 F5                  716 	push	af
   01F9 33                  717 	inc	sp
                            718 ; genCall
   01FA CD 00 00            719 	call	_set_bkg_tiles
   01FD E8 06               720 	lda	sp,6(sp)
                            721 ; genLabel
   01FF                     722 00101$:
                            723 ; genEndFunction
   01FF E8 10               724 	lda	sp,16(sp)
   0201 C1                  725 	pop	bc
   0202 C9                  726 	ret
   0203                     727 ___SetScore_end:
                            728 	.area _CODE
ASxxxx Assembler V01.75  (GameBoy Z80-like CPU), page 1.

Symbol Table

    _BCPD_REG                          **** GX
    _BCPS_REG                          **** GX
    _BGP_REG                           **** GX
    _DIV_REG                           **** GX
    _DMA_REG                           **** GX
    _HDMA1_REG                         **** GX
    _HDMA2_REG                         **** GX
    _HDMA3_REG                         **** GX
    _HDMA4_REG                         **** GX
    _HDMA5_REG                         **** GX
    _IE_REG                            **** GX
    _IF_REG                            **** GX
  0 _InitHud                           0000 GR
    _KEY1_REG                          **** GX
    _LCDC_REG                          **** GX
    _LYC_REG                           **** GX
    _LY_REG                            **** GX
    _NR10_REG                          **** GX
    _NR11_REG                          **** GX
    _NR12_REG                          **** GX
    _NR13_REG                          **** GX
    _NR14_REG                          **** GX
    _NR21_REG                          **** GX
    _NR22_REG                          **** GX
    _NR23_REG                          **** GX
    _NR24_REG                          **** GX
    _NR30_REG                          **** GX
    _NR31_REG                          **** GX
    _NR32_REG                          **** GX
    _NR33_REG                          **** GX
    _NR34_REG                          **** GX
    _NR41_REG                          **** GX
    _NR42_REG                          **** GX
    _NR43_REG                          **** GX
    _NR44_REG                          **** GX
    _NR50_REG                          **** GX
    _NR51_REG                          **** GX
    _NR52_REG                          **** GX
    _OBP0_REG                          **** GX
    _OBP1_REG                          **** GX
    _OCPD_REG                          **** GX
    _OCPS_REG                          **** GX
    _P1_REG                            **** GX
    _RP_REG                            **** GX
    _SB_REG                            **** GX
    _SCX_REG                           **** GX
    _SCY_REG                           **** GX
    _SC_REG                            **** GX
    _STAT_REG                          **** GX
    _SVBK_REG                          **** GX
  0 _SetHealth                         001B GR
  0 _SetScore                          00BB GR
    _TAC_REG                           **** GX
    _TIMA_REG                          **** GX
    _TMA_REG                           **** GX
    _VBK_REG                           **** GX
    _WX_REG                            **** GX
    _WY_REG                            **** GX
  0 ___InitHud_end                     001B R
  0 ___InitHud_start                   0000 R
  0 ___SetHealth_end                   00BB R
  0 ___SetHealth_start                 001B R
  0 ___SetScore_end                    0203 R
  0 ___SetScore_start                  00BB R
    __cpu                              **** GX
    __divuint                          **** GX
    __io_in                            **** GX
    __io_out                           **** GX
    __io_status                        **** GX
    __moduint                          **** GX
  1 _m_nCurrentHealth                  0000 R
    _set_bkg_tiles                     **** GX
    _sys_time                          **** GX

ASxxxx Assembler V01.75  (GameBoy Z80-like CPU), page 2.

Area Table

   0 _CODE                              size  203   flags 0
   1 _DATA                              size    2   flags 0
   2 _OVERLAY                           size    0   flags 0
   3 _ISEG                              size    0   flags 0
   4 _BSEG                              size    0   flags 0
   5 _XSEG                              size    0   flags 0
   6 _GSINIT                            size    8   flags 0
   7 _GSFINAL                           size    0   flags 0
   8 _HOME                              size    0   flags 0
